Archive member included to satisfy reference by file (symbol)

c:/gcc-arm-none-eabi-10.3-2021.10/bin/../lib/gcc/arm-none-eabi/10.3.1/../../../../arm-none-eabi/lib/thumb/v7e-m/nofp\libstdc++.a(del_ops.o)
                              Libraries/FEHIO.o (operator delete(void*, unsigned int))
c:/gcc-arm-none-eabi-10.3-2021.10/bin/../lib/gcc/arm-none-eabi/10.3.1/../../../../arm-none-eabi/lib/thumb/v7e-m/nofp\libstdc++.a(new_op.o)
                              Libraries/FEHIO.o (operator new(unsigned int))
c:/gcc-arm-none-eabi-10.3-2021.10/bin/../lib/gcc/arm-none-eabi/10.3.1/../../../../arm-none-eabi/lib/thumb/v7e-m/nofp\libstdc++.a(bad_alloc.o)
                              c:/gcc-arm-none-eabi-10.3-2021.10/bin/../lib/gcc/arm-none-eabi/10.3.1/../../../../arm-none-eabi/lib/thumb/v7e-m/nofp\libstdc++.a(new_op.o) (std::bad_alloc::~bad_alloc())
c:/gcc-arm-none-eabi-10.3-2021.10/bin/../lib/gcc/arm-none-eabi/10.3.1/../../../../arm-none-eabi/lib/thumb/v7e-m/nofp\libstdc++.a(del_op.o)
                              c:/gcc-arm-none-eabi-10.3-2021.10/bin/../lib/gcc/arm-none-eabi/10.3.1/../../../../arm-none-eabi/lib/thumb/v7e-m/nofp\libstdc++.a(del_ops.o) (operator delete(void*))
c:/gcc-arm-none-eabi-10.3-2021.10/bin/../lib/gcc/arm-none-eabi/10.3.1/../../../../arm-none-eabi/lib/thumb/v7e-m/nofp\libstdc++.a(eh_alloc.o)
                              c:/gcc-arm-none-eabi-10.3-2021.10/bin/../lib/gcc/arm-none-eabi/10.3.1/../../../../arm-none-eabi/lib/thumb/v7e-m/nofp\libstdc++.a(new_op.o) (__cxa_allocate_exception)
c:/gcc-arm-none-eabi-10.3-2021.10/bin/../lib/gcc/arm-none-eabi/10.3.1/../../../../arm-none-eabi/lib/thumb/v7e-m/nofp\libstdc++.a(eh_exception.o)
                              c:/gcc-arm-none-eabi-10.3-2021.10/bin/../lib/gcc/arm-none-eabi/10.3.1/../../../../arm-none-eabi/lib/thumb/v7e-m/nofp\libstdc++.a(bad_alloc.o) (std::exception::~exception())
c:/gcc-arm-none-eabi-10.3-2021.10/bin/../lib/gcc/arm-none-eabi/10.3.1/../../../../arm-none-eabi/lib/thumb/v7e-m/nofp\libstdc++.a(eh_terminate.o)
                              c:/gcc-arm-none-eabi-10.3-2021.10/bin/../lib/gcc/arm-none-eabi/10.3.1/../../../../arm-none-eabi/lib/thumb/v7e-m/nofp\libstdc++.a(eh_alloc.o) (std::terminate())
c:/gcc-arm-none-eabi-10.3-2021.10/bin/../lib/gcc/arm-none-eabi/10.3.1/../../../../arm-none-eabi/lib/thumb/v7e-m/nofp\libstdc++.a(eh_throw.o)
                              c:/gcc-arm-none-eabi-10.3-2021.10/bin/../lib/gcc/arm-none-eabi/10.3.1/../../../../arm-none-eabi/lib/thumb/v7e-m/nofp\libstdc++.a(new_op.o) (__cxa_throw)
c:/gcc-arm-none-eabi-10.3-2021.10/bin/../lib/gcc/arm-none-eabi/10.3.1/../../../../arm-none-eabi/lib/thumb/v7e-m/nofp\libstdc++.a(eh_unex_handler.o)
                              c:/gcc-arm-none-eabi-10.3-2021.10/bin/../lib/gcc/arm-none-eabi/10.3.1/../../../../arm-none-eabi/lib/thumb/v7e-m/nofp\libstdc++.a(eh_terminate.o) (__cxxabiv1::__unexpected_handler)
c:/gcc-arm-none-eabi-10.3-2021.10/bin/../lib/gcc/arm-none-eabi/10.3.1/../../../../arm-none-eabi/lib/thumb/v7e-m/nofp\libstdc++.a(new_handler.o)
                              c:/gcc-arm-none-eabi-10.3-2021.10/bin/../lib/gcc/arm-none-eabi/10.3.1/../../../../arm-none-eabi/lib/thumb/v7e-m/nofp\libstdc++.a(new_op.o) (std::get_new_handler())
c:/gcc-arm-none-eabi-10.3-2021.10/bin/../lib/gcc/arm-none-eabi/10.3.1/../../../../arm-none-eabi/lib/thumb/v7e-m/nofp\libstdc++.a(pure.o)
                              c:/gcc-arm-none-eabi-10.3-2021.10/bin/../lib/gcc/arm-none-eabi/10.3.1/../../../../arm-none-eabi/lib/thumb/v7e-m/nofp\libstdc++.a(eh_exception.o) (__cxa_pure_virtual)
c:/gcc-arm-none-eabi-10.3-2021.10/bin/../lib/gcc/arm-none-eabi/10.3.1/../../../../arm-none-eabi/lib/thumb/v7e-m/nofp\libstdc++.a(si_class_type_info.o)
                              c:/gcc-arm-none-eabi-10.3-2021.10/bin/../lib/gcc/arm-none-eabi/10.3.1/../../../../arm-none-eabi/lib/thumb/v7e-m/nofp\libstdc++.a(bad_alloc.o) (vtable for __cxxabiv1::__si_class_type_info)
c:/gcc-arm-none-eabi-10.3-2021.10/bin/../lib/gcc/arm-none-eabi/10.3.1/../../../../arm-none-eabi/lib/thumb/v7e-m/nofp\libstdc++.a(tinfo.o)
                              c:/gcc-arm-none-eabi-10.3-2021.10/bin/../lib/gcc/arm-none-eabi/10.3.1/../../../../arm-none-eabi/lib/thumb/v7e-m/nofp\libstdc++.a(si_class_type_info.o) (std::type_info::__is_pointer_p() const)
c:/gcc-arm-none-eabi-10.3-2021.10/bin/../lib/gcc/arm-none-eabi/10.3.1/../../../../arm-none-eabi/lib/thumb/v7e-m/nofp\libstdc++.a(vterminate.o)
                              c:/gcc-arm-none-eabi-10.3-2021.10/bin/../lib/gcc/arm-none-eabi/10.3.1/../../../../arm-none-eabi/lib/thumb/v7e-m/nofp\libstdc++.a(eh_terminate.o) (__gnu_cxx::__verbose_terminate_handler())
c:/gcc-arm-none-eabi-10.3-2021.10/bin/../lib/gcc/arm-none-eabi/10.3.1/../../../../arm-none-eabi/lib/thumb/v7e-m/nofp\libstdc++.a(class_type_info.o)
[...]
Memory Configuration

Name             Origin             Length             Attributes
PROGRAM_FLASH    0x0000c000         0x00073c00         xr
SRAM_UPPER       0x20000000         0x00010000         xrw
SRAM_LOWER       0x1fff0000         0x00010000         xrw
*default*        0x00000000         0xffffffff

Linker script and memory map

LOAD c:/gcc-arm-none-eabi-10.3-2021.10/bin/../lib/gcc/arm-none-eabi/10.3.1/thumb/v7e-m/nofp/crti.o
LOAD c:/gcc-arm-none-eabi-10.3-2021.10/bin/../lib/gcc/arm-none-eabi/10.3.1/thumb/v7e-m/nofp/crtbegin.o
LOAD c:/gcc-arm-none-eabi-10.3-2021.10/bin/../lib/gcc/arm-none-eabi/10.3.1/../../../../arm-none-eabi/lib/thumb/v7e-m/nofp/crt0.o
LOAD ../main.o
LOAD Startup/startup_mk60d10.o
LOAD Libraries/FEHMotor.o
LOAD Drivers/mcg.o
LOAD Drivers/i2c.o
LOAD Drivers/spi.o
LOAD Drivers/uart.o
LOAD Drivers/ff.o
LOAD Drivers/SDHC.o
LOAD Drivers/lptmr.o
LOAD FEHProteus.o
LOAD Drivers/FEHPropeller.o
LOAD Libraries/FEHUtility.o
LOAD Libraries/FEHIO.o
LOAD Drivers/adc16.o
LOAD Libraries/FEHBuzzer.o
LOAD Libraries/FEHServo.o
LOAD Libraries/FEHLCD.o
LOAD Libraries/FEHAccel.o
LOAD Libraries/FEHBattery.o
LOAD Drivers/FEHXBee.o
LOAD Libraries/FEHRPS.o
LOAD Libraries/FEHSD.o
LOAD Libraries/FEHRandom.o
LOAD c:/gcc-arm-none-eabi-10.3-2021.10/bin/../lib/gcc/arm-none-eabi/10.3.1/../../../../arm-none-eabi/lib/thumb/v7e-m/nofp\libstdc++.a
LOAD c:/gcc-arm-none-eabi-10.3-2021.10/bin/../lib/gcc/arm-none-eabi/10.3.1/../../../../arm-none-eabi/lib/thumb/v7e-m/nofp\libm.a
START GROUP
LOAD c:/gcc-arm-none-eabi-10.3-2021.10/bin/../lib/gcc/arm-none-eabi/10.3.1/thumb/v7e-m/nofp\libgcc.a
LOAD c:/gcc-arm-none-eabi-10.3-2021.10/bin/../lib/gcc/arm-none-eabi/10.3.1/../../../../arm-none-eabi/lib/thumb/v7e-m/nofp\libg.a
LOAD c:/gcc-arm-none-eabi-10.3-2021.10/bin/../lib/gcc/arm-none-eabi/10.3.1/../../../../arm-none-eabi/lib/thumb/v7e-m/nofp\libc.a
END GROUP
START GROUP
LOAD c:/gcc-arm-none-eabi-10.3-2021.10/bin/../lib/gcc/arm-none-eabi/10.3.1/thumb/v7e-m/nofp\libgcc.a
LOAD c:/gcc-arm-none-eabi-10.3-2021.10/bin/../lib/gcc/arm-none-eabi/10.3.1/../../../../arm-none-eabi/lib/thumb/v7e-m/nofp\libc.a
LOAD c:/gcc-arm-none-eabi-10.3-2021.10/bin/../lib/gcc/arm-none-eabi/10.3.1/../../../../arm-none-eabi/lib/thumb/v7e-m/nofp\libnosys.a
END GROUP
LOAD c:/gcc-arm-none-eabi-10.3-2021.10/bin/../lib/gcc/arm-none-eabi/10.3.1/thumb/v7e-m/nofp/crtend.o
LOAD c:/gcc-arm-none-eabi-10.3-2021.10/bin/../lib/gcc/arm-none-eabi/10.3.1/thumb/v7e-m/nofp/crtn.o
                0x0000c000                __base_PROGRAM_FLASH = 0xc000
                0x0000c000                __base_Flash = 0xc000
                0x0007fc00                __top_PROGRAM_FLASH = 0x7fc00
                0x0007fc00                __top_Flash = 0x7fc00
                0x20000000                __base_SRAM_UPPER = 0x20000000
                0x20000000                __base_RAM = 0x20000000
                0x20010000                __top_SRAM_UPPER = 0x20010000
                0x20010000                __top_RAM = 0x20010000
                0x1fff0000                __base_SRAM_LOWER = 0x1fff0000
                0x1fff0000                __base_RAM2 = 0x1fff0000
                0x20000000                __top_SRAM_LOWER = 0x20000000
                0x20000000                __top_RAM2 = 0x20000000

.text           0x0000c000      0x410
 FILL mask 0xff
                0x0000c000                __vectors_start__ = ABSOLUTE (.)
 *(.isr_vector)
 .isr_vector    0x0000c000      0x1bc Startup/startup_mk60d10.o
                0x0000c000                g_pfnVectors
                0x0000c000                __Vectors
                0x0000c1bc                . = ALIGN (0x4)
                0x0000c1bc                __section_table_start = .
                0x0000c1bc                __data_section_table = .
                0x0000c1bc        0x4 LONG 0x198c4 LOADADDR (.data)
                0x0000c1c0        0x4 LONG 0x20000000 ADDR (.data)
                0x0000c1c4        0x4 LONG 0x16c8 SIZEOF (.data)
                0x0000c1c8        0x4 LONG 0x198c4 LOADADDR (.data_RAM2)
                0x0000c1cc        0x4 LONG 0x1fff0000 ADDR (.data_RAM2)
                0x0000c1d0        0x4 LONG 0x0 SIZEOF (.data_RAM2)
                0x0000c1d4                __data_section_table_end = .
                0x0000c1d4                __bss_section_table = .
                0x0000c1d4        0x4 LONG 0x200016c8 ADDR (.bss)
                0x0000c1d8        0x4 LONG 0x46c SIZEOF (.bss)
                0x0000c1dc        0x4 LONG 0x1fff0000 ADDR (.bss_RAM2)
                0x0000c1e0        0x4 LONG 0x0 SIZEOF (.bss_RAM2)
                0x0000c1e4                __bss_section_table_end = .
                0x0000c1e4                __section_table_end = .
 *(.after_vectors*)
 .after_vectors.init_data
                0x0000c1e4       0x42 Startup/startup_mk60d10.o
                0x0000c1e4                data_init(unsigned int, unsigned int, unsigned int)
 .after_vectors.init_bss
                0x0000c226       0x36 Startup/startup_mk60d10.o
                0x0000c226                bss_init(unsigned int, unsigned int)
 .after_vectors.reset
                0x0000c25c       0xb4 Startup/startup_mk60d10.o
                0x0000c25c                ResetISR
 .after_vectors
                0x0000c310       0x3c Startup/startup_mk60d10.o
                0x0000c310                NMI_Handler
                0x0000c316                HardFault_Handler
                0x0000c31c                MemManage_Handler
                0x0000c322                BusFault_Handler
                0x0000c328                UsageFault_Handler
                0x0000c32e                SVC_Handler
                0x0000c334                DebugMon_Handler
                0x0000c33a                PendSV_Handler
                0x0000c340                SysTick_Handler
                0x0000c346                DMA_Error_DriverIRQHandler
                0x0000c346                LPTMR0_DriverIRQHandler
                0x0000c346                FTM1_DriverIRQHandler
                0x0000c346                FTM2_DriverIRQHandler
                0x0000c346                PIT2_DriverIRQHandler
                0x0000c346                SDHC_DriverIRQHandler
                0x0000c346                I2S0_Tx_DriverIRQHandler
                0x0000c346                TSI0_DriverIRQHandler
                0x0000c346                RTC_Seconds_DriverIRQHandler
                0x0000c346                Reserved109_DriverIRQHandler
                0x0000c346                DMA6_DriverIRQHandler
                0x0000c346                LLWU_DriverIRQHandler
                0x0000c346                MCM_DriverIRQHandler
                0x0000c346                MCG_DriverIRQHandler
                0x0000c346                ENET_1588_Timer_DriverIRQHandler
                0x0000c346                DAC1_DriverIRQHandler
                0x0000c346                SPI1_DriverIRQHandler
                0x0000c346                CMP1_DriverIRQHandler
                0x0000c346                UART5_RX_TX_DriverIRQHandler
                0x0000c346                FTM0_DriverIRQHandler
                0x0000c346                IntDefaultHandler
                0x0000c346                USB0_DriverIRQHandler
                0x0000c346                UART5_ERR_DriverIRQHandler
                0x0000c346                DMA11_DriverIRQHandler
                0x0000c346                DAC0_DriverIRQHandler
                0x0000c346                DMA10_DriverIRQHandler
                0x0000c346                CMP2_DriverIRQHandler
                0x0000c346                UART2_ERR_DriverIRQHandler
                0x0000c346                SPI2_DriverIRQHandler
                0x0000c346                LVD_LVW_DriverIRQHandler
                0x0000c346                RNG_DriverIRQHandler
                0x0000c346                DMA12_DriverIRQHandler
                0x0000c346                DMA4_DriverIRQHandler
                0x0000c346                UART2_RX_TX_DriverIRQHandler
                0x0000c346                USBDCD_DriverIRQHandler
                0x0000c346                UART3_ERR_DriverIRQHandler
                0x0000c346                DMA3_DriverIRQHandler
                0x0000c346                DMA8_DriverIRQHandler
                0x0000c346                DMA9_DriverIRQHandler
                0x0000c346                UART0_ERR_DriverIRQHandler
                0x0000c346                CMT_DriverIRQHandler
                0x0000c346                ADC1_DriverIRQHandler
                0x0000c346                DMA14_DriverIRQHandler
                0x0000c346                PIT3_DriverIRQHandler
                0x0000c346                PIT1_DriverIRQHandler
                0x0000c346                WDOG_EWM_DriverIRQHandler
                0x0000c346                PDB0_DriverIRQHandler
                0x0000c346                Reserved95_DriverIRQHandler
                0x0000c346                RTC_DriverIRQHandler
                0x0000c346                I2S0_Rx_DriverIRQHandler
                0x0000c346                Read_Collision_DriverIRQHandler
                0x0000c346                SWI_DriverIRQHandler
                0x0000c346                UART4_RX_TX_DriverIRQHandler
                0x0000c346                UART4_ERR_DriverIRQHandler
                0x0000c346                DMA0_DriverIRQHandler
                0x0000c346                UART0_LON_DriverIRQHandler
                0x0000c346                Reserved102_DriverIRQHandler
                0x0000c346                DMA1_DriverIRQHandler
                0x0000c346                I2C1_DriverIRQHandler
                0x0000c346                UART3_RX_TX_DriverIRQHandler
                0x0000c346                ENET_Receive_DriverIRQHandler
                0x0000c346                DMA13_DriverIRQHandler
                0x0000c346                ENET_Error_DriverIRQHandler
                0x0000c346                DMA15_DriverIRQHandler
                0x0000c346                SPI0_DriverIRQHandler
                0x0000c346                ADC0_DriverIRQHandler
                0x0000c346                FTFL_DriverIRQHandler
                0x0000c346                CMP0_DriverIRQHandler
                0x0000c346                CAN0_DriverIRQHandler
                0x0000c346                Reserved59_DriverIRQHandler
                0x0000c346                DMA5_DriverIRQHandler
                0x0000c346                UART1_ERR_DriverIRQHandler
                0x0000c346                DMA2_DriverIRQHandler
                0x0000c346                ENET_Transmit_DriverIRQHandler
                0x0000c346                I2C0_DriverIRQHandler
                0x0000c346                CAN1_DriverIRQHandler
                0x0000c346                DMA7_DriverIRQHandler
                0x0000c346                UART1_RX_TX_DriverIRQHandler
                0x0000c346                Reserved108_DriverIRQHandler
                0x00000400                . = 0x400
 *fill*         0x0000c34c       0xb4 ff
                0x0000c400                PROVIDE (__FLASH_CONFIG_START__ = .)
 *(.FlashConfig)
 .FlashConfig   0x0000c400       0x10 Startup/startup_mk60d10.o
                0x0000c410                PROVIDE (__FLASH_CONFIG_END__ = .)
                0x00000001                ASSERT (! ((__FLASH_CONFIG_START__ == __FLASH_CONFIG_END__)), Linker Flash Config Support Enabled, but no .FlashConfig section provided within application)

.eh_frame       0x0000c410        0x0
 .eh_frame      0x0000c410        0x0 c:/gcc-arm-none-eabi-10.3-2021.10/bin/../lib/gcc/arm-none-eabi/10.3.1/thumb/v7e-m/nofp/crtbegin.o

.glue_7         0x0000c410        0x0
 .glue_7        0x0000c410        0x0 linker stubs

.glue_7t        0x0000c410        0x0
 .glue_7t       0x0000c410        0x0 linker stubs

.vfp11_veneer   0x0000c410        0x0
 .vfp11_veneer  0x0000c410        0x0 linker stubs

.v4_bx          0x0000c410        0x0
 .v4_bx         0x0000c410        0x0 linker stubs

.iplt           0x0000c410        0x0
 .iplt          0x0000c410        0x0 c:/gcc-arm-none-eabi-10.3-2021.10/bin/../lib/gcc/arm-none-eabi/10.3.1/thumb/v7e-m/nofp/crtbegin.o

.text           0x0000c440     0xd47c
 *(.text*)
 .text          0x0000c440       0x40 c:/gcc-arm-none-eabi-10.3-2021.10/bin/../lib/gcc/arm-none-eabi/10.3.1/thumb/v7e-m/nofp/crtbegin.o
 .text._Z7forwardii
                0x0000c480       0xdc ../main.o
                0x0000c480                forward(int, int)
 *fill*         0x0000c55c        0x4 
 .text._Z8backwardii
                0x0000c560       0xd0 ../main.o
                0x0000c560                backward(int, int)
 .text._Z8turnLeftii
                0x0000c630       0xb8 ../main.o
                0x0000c630                turnLeft(int, int)
 .text._Z9turnRightii
                0x0000c6e8       0xb0 ../main.o
                0x0000c6e8                turnRight(int, int)
 .text._Z8startingv
                0x0000c798       0xb4 ../main.o
                0x0000c798                starting()
 *fill*         0x0000c84c        0x4 
 .text.main     0x0000c850      0x5a4 ../main.o
                0x0000c850                main
 .text._Z41__static_initialization_and_destruction_0ii
                0x0000cdf4       0x68 ../main.o
 .text._GLOBAL__sub_I_right_encoder
                0x0000ce5c       0x10 ../main.o
 .text.PORTD_IRQHandler
                0x0000ce6c       0x50 Startup/startup_mk60d10.o
                0x0000ce6c                PORTD_IRQHandler
 .text._Z15InitPowerButtonv
                0x0000cebc       0x60 Startup/startup_mk60d10.o
                0x0000cebc                InitPowerButton()
 .text._ZL11pll_init_blv
                0x0000cf1c       0xe0 Startup/startup_mk60d10.o
 .text._Z14InitFEHProteusv
                0x0000cffc       0xec Startup/startup_mk60d10.o
                0x0000cffc                InitFEHProteus()
 .text.DMA0_IRQHandler
                0x0000d0e8        0xc Startup/startup_mk60d10.o
                0x0000d0e8                DMA0_IRQHandler
 .text.DMA1_IRQHandler
                0x0000d0f4        0xc Startup/startup_mk60d10.o
                0x0000d0f4                DMA1_IRQHandler
 .text.DMA2_IRQHandler
                0x0000d100        0xc Startup/startup_mk60d10.o
                0x0000d100                DMA2_IRQHandler
 .text.DMA3_IRQHandler
                0x0000d10c        0xc Startup/startup_mk60d10.o
                0x0000d10c                DMA3_IRQHandler
 .text.DMA4_IRQHandler
                0x0000d118        0xc Startup/startup_mk60d10.o
                0x0000d118                DMA4_IRQHandler
 .text.DMA5_IRQHandler
                0x0000d124        0xc Startup/startup_mk60d10.o
                0x0000d124                DMA5_IRQHandler
 .text.DMA6_IRQHandler
                0x0000d130        0xc Startup/startup_mk60d10.o
                0x0000d130                DMA6_IRQHandler
 .text.DMA7_IRQHandler
                0x0000d13c        0xc Startup/startup_mk60d10.o
                0x0000d13c                DMA7_IRQHandler
 .text.DMA8_IRQHandler
                0x0000d148        0xc Startup/startup_mk60d10.o
                0x0000d148                DMA8_IRQHandler
 .text.DMA9_IRQHandler
                0x0000d154        0xc Startup/startup_mk60d10.o
                0x0000d154                DMA9_IRQHandler
 .text.DMA10_IRQHandler
                0x0000d160        0xc Startup/startup_mk60d10.o
                0x0000d160                DMA10_IRQHandler
 .text.DMA11_IRQHandler
                0x0000d16c        0xc Startup/startup_mk60d10.o
                0x0000d16c                DMA11_IRQHandler
 .text.DMA12_IRQHandler
                0x0000d178        0xc Startup/startup_mk60d10.o
                0x0000d178                DMA12_IRQHandler
 .text.DMA13_IRQHandler
                0x0000d184        0xc Startup/startup_mk60d10.o
                0x0000d184                DMA13_IRQHandler
 .text.DMA14_IRQHandler
                0x0000d190        0xc Startup/startup_mk60d10.o
                0x0000d190                DMA14_IRQHandler
 .text.DMA15_IRQHandler
                0x0000d19c        0xc Startup/startup_mk60d10.o
                0x0000d19c                DMA15_IRQHandler
 .text.DMA_Error_IRQHandler
                0x0000d1a8        0xc Startup/startup_mk60d10.o
                0x0000d1a8                DMA_Error_IRQHandler
 .text.MCM_IRQHandler
                0x0000d1b4        0xc Startup/startup_mk60d10.o
                0x0000d1b4                MCM_IRQHandler
 .text.FTFL_IRQHandler
                0x0000d1c0        0xc Startup/startup_mk60d10.o
                0x0000d1c0                FTFL_IRQHandler
 .text.Read_Collision_IRQHandler
                0x0000d1cc        0xc Startup/startup_mk60d10.o
                0x0000d1cc                Read_Collision_IRQHandler
 .text.LVD_LVW_IRQHandler
                0x0000d1d8        0xc Startup/startup_mk60d10.o
                0x0000d1d8                LVD_LVW_IRQHandler
 .text.LLWU_IRQHandler
                0x0000d1e4        0xc Startup/startup_mk60d10.o
                0x0000d1e4                LLWU_IRQHandler
 .text.WDOG_EWM_IRQHandler
                0x0000d1f0        0xc Startup/startup_mk60d10.o
                0x0000d1f0                WDOG_EWM_IRQHandler
 .text.RNG_IRQHandler
                0x0000d1fc        0xc Startup/startup_mk60d10.o
                0x0000d1fc                RNG_IRQHandler
 .text.I2C0_IRQHandler
                0x0000d208        0xc Startup/startup_mk60d10.o
                0x0000d208                I2C0_IRQHandler
 .text.I2C1_IRQHandler
                0x0000d214        0xc Startup/startup_mk60d10.o
                0x0000d214                I2C1_IRQHandler
 .text.SPI0_IRQHandler
                0x0000d220        0xc Startup/startup_mk60d10.o
                0x0000d220                SPI0_IRQHandler
 .text.SPI1_IRQHandler
                0x0000d22c        0xc Startup/startup_mk60d10.o
                0x0000d22c                SPI1_IRQHandler
 .text.SPI2_IRQHandler
                0x0000d238        0xc Startup/startup_mk60d10.o
                0x0000d238                SPI2_IRQHandler
 .text.CAN0_ORed_Message_buffer_IRQHandler
                0x0000d244        0xc Startup/startup_mk60d10.o
                0x0000d244                CAN0_ORed_Message_buffer_IRQHandler
 .text.CAN0_Bus_Off_IRQHandler
                0x0000d250        0xc Startup/startup_mk60d10.o
                0x0000d250                CAN0_Bus_Off_IRQHandler
 .text.CAN0_Error_IRQHandler
                0x0000d25c        0xc Startup/startup_mk60d10.o
                0x0000d25c                CAN0_Error_IRQHandler
 .text.CAN0_Tx_Warning_IRQHandler
                0x0000d268        0xc Startup/startup_mk60d10.o
                0x0000d268                CAN0_Tx_Warning_IRQHandler
 .text.CAN0_Rx_Warning_IRQHandler
                0x0000d274        0xc Startup/startup_mk60d10.o
                0x0000d274                CAN0_Rx_Warning_IRQHandler
 .text.CAN0_Wake_Up_IRQHandler
                0x0000d280        0xc Startup/startup_mk60d10.o
                0x0000d280                CAN0_Wake_Up_IRQHandler
 .text.I2S0_Tx_IRQHandler
                0x0000d28c        0xc Startup/startup_mk60d10.o
                0x0000d28c                I2S0_Tx_IRQHandler
 .text.I2S0_Rx_IRQHandler
                0x0000d298        0xc Startup/startup_mk60d10.o
                0x0000d298                I2S0_Rx_IRQHandler
 .text.CAN1_ORed_Message_buffer_IRQHandler
                0x0000d2a4        0xc Startup/startup_mk60d10.o
                0x0000d2a4                CAN1_ORed_Message_buffer_IRQHandler
 .text.CAN1_Bus_Off_IRQHandler
                0x0000d2b0        0xc Startup/startup_mk60d10.o
                0x0000d2b0                CAN1_Bus_Off_IRQHandler
 .text.CAN1_Error_IRQHandler
                0x0000d2bc        0xc Startup/startup_mk60d10.o
                0x0000d2bc                CAN1_Error_IRQHandler
 .text.CAN1_Tx_Warning_IRQHandler
                0x0000d2c8        0xc Startup/startup_mk60d10.o
                0x0000d2c8                CAN1_Tx_Warning_IRQHandler
 .text.CAN1_Rx_Warning_IRQHandler
                0x0000d2d4        0xc Startup/startup_mk60d10.o
                0x0000d2d4                CAN1_Rx_Warning_IRQHandler
 .text.CAN1_Wake_Up_IRQHandler
                0x0000d2e0        0xc Startup/startup_mk60d10.o
                0x0000d2e0                CAN1_Wake_Up_IRQHandler
 .text.Reserved59_IRQHandler
                0x0000d2ec        0xc Startup/startup_mk60d10.o
                0x0000d2ec                Reserved59_IRQHandler
 .text.UART0_LON_IRQHandler
                0x0000d2f8        0xc Startup/startup_mk60d10.o
                0x0000d2f8                UART0_LON_IRQHandler
 .text.UART0_ERR_IRQHandler
                0x0000d304        0xc Startup/startup_mk60d10.o
                0x0000d304                UART0_ERR_IRQHandler
 .text.UART1_RX_TX_IRQHandler
                0x0000d310        0xc Startup/startup_mk60d10.o
                0x0000d310                UART1_RX_TX_IRQHandler
 .text.UART1_ERR_IRQHandler
                0x0000d31c        0xc Startup/startup_mk60d10.o
                0x0000d31c                UART1_ERR_IRQHandler
 .text.UART2_RX_TX_IRQHandler
                0x0000d328        0xc Startup/startup_mk60d10.o
                0x0000d328                UART2_RX_TX_IRQHandler
 .text.UART2_ERR_IRQHandler
                0x0000d334        0xc Startup/startup_mk60d10.o
                0x0000d334                UART2_ERR_IRQHandler
 .text.UART3_RX_TX_IRQHandler
                0x0000d340        0xc Startup/startup_mk60d10.o
                0x0000d340                UART3_RX_TX_IRQHandler
 .text.UART3_ERR_IRQHandler
                0x0000d34c        0xc Startup/startup_mk60d10.o
                0x0000d34c                UART3_ERR_IRQHandler
 .text.UART4_RX_TX_IRQHandler
                0x0000d358        0xc Startup/startup_mk60d10.o
                0x0000d358                UART4_RX_TX_IRQHandler
 .text.UART4_ERR_IRQHandler
                0x0000d364        0xc Startup/startup_mk60d10.o
                0x0000d364                UART4_ERR_IRQHandler
 .text.UART5_RX_TX_IRQHandler
                0x0000d370        0xc Startup/startup_mk60d10.o
                0x0000d370                UART5_RX_TX_IRQHandler
 .text.UART5_ERR_IRQHandler
                0x0000d37c        0xc Startup/startup_mk60d10.o
                0x0000d37c                UART5_ERR_IRQHandler
 .text.ADC0_IRQHandler
                0x0000d388        0xc Startup/startup_mk60d10.o
                0x0000d388                ADC0_IRQHandler
 .text.ADC1_IRQHandler
                0x0000d394        0xc Startup/startup_mk60d10.o
                0x0000d394                ADC1_IRQHandler
 .text.CMP0_IRQHandler
                0x0000d3a0        0xc Startup/startup_mk60d10.o
                0x0000d3a0                CMP0_IRQHandler
 .text.CMP1_IRQHandler
                0x0000d3ac        0xc Startup/startup_mk60d10.o
                0x0000d3ac                CMP1_IRQHandler
 .text.CMP2_IRQHandler
                0x0000d3b8        0xc Startup/startup_mk60d10.o
                0x0000d3b8                CMP2_IRQHandler
 .text.FTM0_IRQHandler
                0x0000d3c4        0xc Startup/startup_mk60d10.o
                0x0000d3c4                FTM0_IRQHandler
 .text.FTM1_IRQHandler
                0x0000d3d0        0xc Startup/startup_mk60d10.o
                0x0000d3d0                FTM1_IRQHandler
 .text.FTM2_IRQHandler
                0x0000d3dc        0xc Startup/startup_mk60d10.o
                0x0000d3dc                FTM2_IRQHandler
 .text.CMT_IRQHandler
                0x0000d3e8        0xc Startup/startup_mk60d10.o
                0x0000d3e8                CMT_IRQHandler
 .text.RTC_IRQHandler
                0x0000d3f4        0xc Startup/startup_mk60d10.o
                0x0000d3f4                RTC_IRQHandler
 .text.RTC_Seconds_IRQHandler
                0x0000d400        0xc Startup/startup_mk60d10.o
                0x0000d400                RTC_Seconds_IRQHandler
 .text.PIT1_IRQHandler
                0x0000d40c        0xc Startup/startup_mk60d10.o
                0x0000d40c                PIT1_IRQHandler
 .text.PIT2_IRQHandler
                0x0000d418        0xc Startup/startup_mk60d10.o
                0x0000d418                PIT2_IRQHandler
 .text.PIT3_IRQHandler
                0x0000d424        0xc Startup/startup_mk60d10.o
                0x0000d424                PIT3_IRQHandler
 .text.PDB0_IRQHandler
                0x0000d430        0xc Startup/startup_mk60d10.o
                0x0000d430                PDB0_IRQHandler
 .text.USB0_IRQHandler
                0x0000d43c        0xc Startup/startup_mk60d10.o
                0x0000d43c                USB0_IRQHandler
 .text.USBDCD_IRQHandler
                0x0000d448        0xc Startup/startup_mk60d10.o
                0x0000d448                USBDCD_IRQHandler
 .text.ENET_1588_Timer_IRQHandler
                0x0000d454        0xc Startup/startup_mk60d10.o
                0x0000d454                ENET_1588_Timer_IRQHandler
 .text.ENET_Transmit_IRQHandler
                0x0000d460        0xc Startup/startup_mk60d10.o
                0x0000d460                ENET_Transmit_IRQHandler
 .text.ENET_Receive_IRQHandler
                0x0000d46c        0xc Startup/startup_mk60d10.o
                0x0000d46c                ENET_Receive_IRQHandler
 .text.ENET_Error_IRQHandler
                0x0000d478        0xc Startup/startup_mk60d10.o
                0x0000d478                ENET_Error_IRQHandler
 .text.Reserved95_IRQHandler
                0x0000d484        0xc Startup/startup_mk60d10.o
                0x0000d484                Reserved95_IRQHandler
 .text.SDHC_IRQHandler
                0x0000d490        0xc Startup/startup_mk60d10.o
                0x0000d490                SDHC_IRQHandler
 .text.DAC0_IRQHandler
                0x0000d49c        0xc Startup/startup_mk60d10.o
                0x0000d49c                DAC0_IRQHandler
 .text.DAC1_IRQHandler
                0x0000d4a8        0xc Startup/startup_mk60d10.o
                0x0000d4a8                DAC1_IRQHandler
 .text.TSI0_IRQHandler
                0x0000d4b4        0xc Startup/startup_mk60d10.o
                0x0000d4b4                TSI0_IRQHandler
 .text.MCG_IRQHandler
                0x0000d4c0        0xc Startup/startup_mk60d10.o
                0x0000d4c0                MCG_IRQHandler
 .text.LPTMR0_IRQHandler
                0x0000d4cc        0xc Startup/startup_mk60d10.o
                0x0000d4cc                LPTMR0_IRQHandler
 .text.Reserved102_IRQHandler
                0x0000d4d8        0xc Startup/startup_mk60d10.o
                0x0000d4d8                Reserved102_IRQHandler
 .text.Reserved108_IRQHandler
                0x0000d4e4        0xc Startup/startup_mk60d10.o
                0x0000d4e4                Reserved108_IRQHandler
 .text.Reserved109_IRQHandler
                0x0000d4f0        0xc Startup/startup_mk60d10.o
                0x0000d4f0                Reserved109_IRQHandler
 .text.SWI_IRQHandler
                0x0000d4fc        0xc Startup/startup_mk60d10.o
                0x0000d4fc                SWI_IRQHandler
 .text._ZN8FEHMotorC2ENS_12FEHMotorPortEf
                0x0000d508       0x7c Libraries/FEHMotor.o
                0x0000d508                FEHMotor::FEHMotor(FEHMotor::FEHMotorPort, float)
                0x0000d508                FEHMotor::FEHMotor(FEHMotor::FEHMotorPort, float)
 .text._ZN8FEHMotor4StopEv
                0x0000d584       0x30 Libraries/FEHMotor.o
                0x0000d584                FEHMotor::Stop()
 .text._ZN8FEHMotor8SetPowerEi
                0x0000d5b4       0x54 Libraries/FEHMotor.o
                0x0000d5b4                FEHMotor::SetPower(int)
 .text._ZN8FEHMotor10SetPercentEf
                0x0000d608       0xf8 Libraries/FEHMotor.o
                0x0000d608                FEHMotor::SetPercent(float)
 .text._Z21IIC_StartTransmissionhh
                0x0000d700       0x6c Drivers/i2c.o
                0x0000d700                IIC_StartTransmission(unsigned char, unsigned char)
 .text._Z5Pausev
                0x0000d76c       0x24 Drivers/i2c.o
                0x0000d76c                Pause()
 .text._Z21MMA8451QWriteRegisterhh
                0x0000d790       0x68 Drivers/i2c.o
                0x0000d790                MMA8451QWriteRegister(unsigned char, unsigned char)
 .text._Z8i2c_Waitv
                0x0000d7f8       0x6c Drivers/i2c.o
                0x0000d7f8                i2c_Wait()
 .text._Z12SPI_SendCharh
                0x0000d864       0x1a Drivers/spi.o
                0x0000d864                SPI_SendChar(unsigned char)
 .text._Z16SPI_WriteCommandhh
                0x0000d87e       0x34 Drivers/spi.o
                0x0000d87e                SPI_WriteCommand(unsigned char, unsigned char)
 *fill*         0x0000d8b2        0x2 
 .text._Z13SPI_CS_Assertv
                0x0000d8b4       0x1c Drivers/spi.o
                0x0000d8b4                SPI_CS_Assert()
 .text._Z15SPI_CS_Deassertv
                0x0000d8d0       0x1c Drivers/spi.o
                0x0000d8d0                SPI_CS_Deassert()
 .text._Z12SPI_Transferh
                0x0000d8ec       0x6c Drivers/spi.o
                0x0000d8ec                SPI_Transfer(unsigned char)
 .text._Z8SPI_Initv
                0x0000d958       0xa0 Drivers/spi.o
                0x0000d958                SPI_Init()
 .text._Z9uart_initPV11UART_MemMapii
                0x0000d9f8      0x174 Drivers/uart.o
                0x0000d9f8                uart_init(UART_MemMap volatile*, int, int)
 .text._Z12uart_getcharPV11UART_MemMap
                0x0000db6c       0x32 Drivers/uart.o
                0x0000db6c                uart_getchar(UART_MemMap volatile*)
 .text._Z12uart_putcharPV11UART_MemMapc
                0x0000db9e       0x32 Drivers/uart.o
                0x0000db9e                uart_putchar(UART_MemMap volatile*, char)
 .text._ZL7mem_setPvij
                0x0000dbd0       0x3c Drivers/ff.o
 .text._ZL11move_windowP5FATFSm
                0x0000dc0c       0xc8 Drivers/ff.o
 .text._ZL4syncP5FATFS
                0x0000dcd4      0x14c Drivers/ff.o
 .text._ZL8validateP5FATFSt
                0x0000de20       0x54 Drivers/ff.o
 .text._Z6f_syncP3FIL
                0x0000de74      0x186 Drivers/ff.o
                0x0000de74                f_sync(FIL*)
 .text._Z7f_closeP3FIL
                0x0000dffa       0x28 Drivers/ff.o
                0x0000dffa                f_close(FIL*)
 *fill*         0x0000e022        0x2 
 .text._ZL17SDHC_set_baudratemm
                0x0000e024       0xe8 Drivers/SDHC.o
 .text._Z9SDHC_initP17esdhc_info_structPK17esdhc_init_struct
                0x0000e10c      0x130 Drivers/SDHC.o
                0x0000e10c                SDHC_init(esdhc_info_struct*, esdhc_init_struct const*)
 .text._ZL15SDHC_is_runningv
                0x0000e23c       0x24 Drivers/SDHC.o
 .text._ZL16SDHC_status_waitm
                0x0000e260       0x2c Drivers/SDHC.o
 .text._ZL17SDHC_send_commandP20esdhc_command_struct
                0x0000e28c      0x1f8 Drivers/SDHC.o
 .text._Z10SDHC_ioctlmPv
                0x0000e484      0x6f0 Drivers/SDHC.o
                0x0000e484                SDHC_ioctl(unsigned long, void*)
 .text._ZL14rcvr_datablockPhm
                0x0000eb74       0xf0 Drivers/SDHC.o
 .text._Z9disk_readhPhmh
                0x0000ec64      0x124 Drivers/SDHC.o
                0x0000ec64                disk_read(unsigned char, unsigned char*, unsigned long, unsigned char)
 .text._ZL14xmit_datablockPKhm
                0x0000ed88       0xa4 Drivers/SDHC.o
 .text._Z10disk_writehPKhmh
                0x0000ee2c      0x198 Drivers/SDHC.o
                0x0000ee2c                disk_write(unsigned char, unsigned char const*, unsigned long, unsigned char)
 .text._Z10disk_ioctlhhPv
                0x0000efc4      0x104 Drivers/SDHC.o
                0x0000efc4                disk_ioctl(unsigned char, unsigned char, void*)
 .text._Z11disk_statush
                0x0000f0c8       0x28 Drivers/SDHC.o
                0x0000f0c8                disk_status(unsigned char)
 .text._Z13time_delay_msm
                0x0000f0f0       0x6c Drivers/lptmr.o
                0x0000f0f0                time_delay_ms(unsigned long)
 .text._Z41__static_initialization_and_destruction_0ii
                0x0000f15c       0x2c FEHProteus.o
 .text._GLOBAL__sub_I_Propeller
                0x0000f188       0x10 FEHProteus.o
 .text._ZN12FEHPropellerC2Ev
                0x0000f198       0x1a Drivers/FEHPropeller.o
                0x0000f198                FEHPropeller::FEHPropeller()
                0x0000f198                FEHPropeller::FEHPropeller()
 *fill*         0x0000f1b2        0x2 
 .text._ZN12FEHPropeller10InitializeEv
                0x0000f1b4       0x74 Drivers/FEHPropeller.o
                0x0000f1b4                FEHPropeller::Initialize()
 .text._ZN12FEHPropeller12SetMotorRateEhhh
                0x0000f228       0x5c Drivers/FEHPropeller.o
                0x0000f228                FEHPropeller::SetMotorRate(unsigned char, unsigned char, unsigned char)
 .text._ZL5Delaymjj
                0x0000f284       0x94 Libraries/FEHUtility.o
 .text._Z5Sleepi
                0x0000f318       0x2c Libraries/FEHUtility.o
                0x0000f318                Sleep(int)
 .text._Z5Sleepd
                0x0000f344       0x4c Libraries/FEHUtility.o
                0x0000f344                Sleep(double)
 .text._ZN14DigitalEncoderC2EN5FEHIO8FEHIOPinE
                0x0000f390       0x26 Libraries/FEHIO.o
                0x0000f390                DigitalEncoder::DigitalEncoder(FEHIO::FEHIOPin)
                0x0000f390                DigitalEncoder::DigitalEncoder(FEHIO::FEHIOPin)
 *fill*         0x0000f3b6        0x2 
 .text._Z10enable_irqi
                0x0000f3b8      0x11c Libraries/FEHIO.o
                0x0000f3b8                enable_irq(int)
 .text._ZN14DigitalEncoder10InitializeEN5FEHIO8FEHIOPinENS0_21FEHIOInterruptTriggerE
                0x0000f4d4      0x1a8 Libraries/FEHIO.o
                0x0000f4d4                DigitalEncoder::Initialize(FEHIO::FEHIOPin, FEHIO::FEHIOInterruptTrigger)
 .text._Z16PORTB_IRQHandlerv
                0x0000f67c       0x9c Libraries/FEHIO.o
                0x0000f67c                PORTB_IRQHandler()
 .text._Z16PORTC_IRQHandlerv
                0x0000f718       0x9c Libraries/FEHIO.o
                0x0000f718                PORTC_IRQHandler()
 .text._Z16PORTA_IRQHandlerv
                0x0000f7b4       0xa0 Libraries/FEHIO.o
                0x0000f7b4                PORTA_IRQHandler()
 .text._Z16PORTE_IRQHandlerv
                0x0000f854       0x98 Libraries/FEHIO.o
                0x0000f854                PORTE_IRQHandler()
 .text._ZN14DigitalEncoder6CountsEv
                0x0000f8ec       0x24 Libraries/FEHIO.o
                0x0000f8ec                DigitalEncoder::Counts()
 .text._ZN14DigitalEncoder11ResetCountsEv
                0x0000f910       0x24 Libraries/FEHIO.o
                0x0000f910                DigitalEncoder::ResetCounts()
 .text._ZN14AnalogInputPinC2EN5FEHIO8FEHIOPinE
                0x0000f934       0x1e Libraries/FEHIO.o
                0x0000f934                AnalogInputPin::AnalogInputPin(FEHIO::FEHIOPin)
                0x0000f934                AnalogInputPin::AnalogInputPin(FEHIO::FEHIOPin)
 *fill*         0x0000f952        0x6 
 .text._ZN14AnalogInputPin5ValueEv
                0x0000f958      0x120 Libraries/FEHIO.o
                0x0000f958                AnalogInputPin::Value()
 .text._ZN13AnalogEncoder12EncoderValueEv
                0x0000fa78       0xb0 Libraries/FEHIO.o
                0x0000fa78                AnalogEncoder::EncoderValue()
 .text._ZN14AnalogInputPin8InitADCsEv
                0x0000fb28       0x98 Libraries/FEHIO.o
                0x0000fb28                AnalogInputPin::InitADCs()
 .text._Z15PIT0_IRQHandlerv
                0x0000fbc0       0x28 Libraries/FEHIO.o
                0x0000fbc0                PIT0_IRQHandler()
 .text._ZN13AnalogEncoder4InitEv
                0x0000fbe8       0x44 Libraries/FEHIO.o
                0x0000fbe8                AnalogEncoder::Init()
 .text._ZN13AnalogEncoder14SetCounterInitEj
                0x0000fc2c       0x20 Libraries/FEHIO.o
                0x0000fc2c                AnalogEncoder::SetCounterInit(unsigned int)
 .text._ZN13AnalogEncoder10ProcessIntEv
                0x0000fc4c       0x68 Libraries/FEHIO.o
                0x0000fc4c                AnalogEncoder::ProcessInt()
 .text._ZN13AnalogEncoder14ProcessIntSelfEv
                0x0000fcb4       0x6e Libraries/FEHIO.o
                0x0000fcb4                AnalogEncoder::ProcessIntSelf()
 .text._Z7ADC_CalPV10ADC_MemMap
                0x0000fd22      0x13e Drivers/adc16.o
                0x0000fd22                ADC_Cal(ADC_MemMap volatile*)
 .text._Z14ADC_Config_AltPV10ADC_MemMapP7adc_cfg
                0x0000fe60       0x6c Drivers/adc16.o
                0x0000fe60                ADC_Config_Alt(ADC_MemMap volatile*, adc_cfg*)
 .text._ZN9FEHBuzzerC2Ev
                0x0000fecc       0x14 Libraries/FEHBuzzer.o
                0x0000fecc                FEHBuzzer::FEHBuzzer()
                0x0000fecc                FEHBuzzer::FEHBuzzer()
 .text._Z41__static_initialization_and_destruction_0ii
                0x0000fee0       0x2c Libraries/FEHBuzzer.o
 .text._GLOBAL__sub_I_Buzzer
                0x0000ff0c       0x10 Libraries/FEHBuzzer.o
 .text._ZN6FEHLCD11_InitializeEv
                0x0000ff1c      0x410 Libraries/FEHLCD.o
                0x0000ff1c                FEHLCD::_Initialize()
 .text._ZN6FEHLCDC2Ev
                0x0001032c       0x50 Libraries/FEHLCD.o
                0x0001032c                FEHLCD::FEHLCD()
                0x0001032c                FEHLCD::FEHLCD()
 .text._ZN6FEHLCD10InitializeEv
                0x0001037c       0x28 Libraries/FEHLCD.o
                0x0001037c                FEHLCD::Initialize()
 .text._ZN6FEHLCD10PrintImageEii
                0x000103a4       0xbc Libraries/FEHLCD.o
                0x000103a4                FEHLCD::PrintImage(int, int)
 .text._ZN6FEHLCD9PrintLogoEii
                0x00010460       0xbc Libraries/FEHLCD.o
                0x00010460                FEHLCD::PrintLogo(int, int)
 .text._ZN6FEHLCD22ConvertFEHColorTo24BitENS_11FEHLCDColorE
                0x0001051c       0x78 Libraries/FEHLCD.o
                0x0001051c                FEHLCD::ConvertFEHColorTo24Bit(FEHLCD::FEHLCDColor)
 .text._ZN6FEHLCD24Convert24BitColorTo16BitEj
                0x00010594       0x30 Libraries/FEHLCD.o
                0x00010594                FEHLCD::Convert24BitColorTo16Bit(unsigned int)
 .text._ZN6FEHLCD22ConvertRGBColorTo16BitEhhh
                0x000105c4       0x4a Libraries/FEHLCD.o
                0x000105c4                FEHLCD::ConvertRGBColorTo16Bit(unsigned char, unsigned char, unsigned char)
 .text._ZN6FEHLCD5ClearENS_11FEHLCDColorE
                0x0001060e       0x28 Libraries/FEHLCD.o
                0x0001060e                FEHLCD::Clear(FEHLCD::FEHLCDColor)
 .text._ZN6FEHLCD5ClearEj
                0x00010636       0x2c Libraries/FEHLCD.o
                0x00010636                FEHLCD::Clear(unsigned int)
 .text._ZN6FEHLCD5ClearEv
                0x00010662       0x16 Libraries/FEHLCD.o
                0x00010662                FEHLCD::Clear()
 .text._ZN6FEHLCD18SetBackgroundColorENS_11FEHLCDColorE
                0x00010678       0x28 Libraries/FEHLCD.o
                0x00010678                FEHLCD::SetBackgroundColor(FEHLCD::FEHLCDColor)
 .text._ZN6FEHLCD18SetBackgroundColorEj
                0x000106a0       0x26 Libraries/FEHLCD.o
                0x000106a0                FEHLCD::SetBackgroundColor(unsigned int)
 .text._ZN6FEHLCD12SetFontColorENS_11FEHLCDColorE
                0x000106c6       0x28 Libraries/FEHLCD.o
                0x000106c6                FEHLCD::SetFontColor(FEHLCD::FEHLCDColor)
 .text._ZN6FEHLCD12SetFontColorEj
                0x000106ee       0x26 Libraries/FEHLCD.o
                0x000106ee                FEHLCD::SetFontColor(unsigned int)
 .text._ZN6FEHLCD7WriteAtEPKcii
                0x00010714       0x46 Libraries/FEHLCD.o
                0x00010714                FEHLCD::WriteAt(char const*, int, int)
 .text._ZN6FEHLCD11TS_SPI_InitEv
                0x0001075a       0x7c Libraries/FEHLCD.o
                0x0001075a                FEHLCD::TS_SPI_Init()
 .text._ZN6FEHLCD5WriteEPKc
                0x000107d6       0x4e Libraries/FEHLCD.o
                0x000107d6                FEHLCD::Write(char const*)
 .text._ZN6FEHLCD5WriteEf
                0x00010824       0xc0 Libraries/FEHLCD.o
                0x00010824                FEHLCD::Write(float)
 .text._ZN6FEHLCD5WriteEd
                0x000108e4       0x26 Libraries/FEHLCD.o
                0x000108e4                FEHLCD::Write(double)
 .text._ZN6FEHLCD9WriteLineEPKc
                0x0001090a       0x26 Libraries/FEHLCD.o
                0x0001090a                FEHLCD::WriteLine(char const*)
 .text._ZN6FEHLCD9WriteLineEd
                0x00010930       0x2a Libraries/FEHLCD.o
                0x00010930                FEHLCD::WriteLine(double)
 *fill*         0x0001095a        0x2 
 .text._ZN6FEHLCD10WriteIndexEh
                0x0001095c      0x14c Libraries/FEHLCD.o
                0x0001095c                FEHLCD::WriteIndex(unsigned char)
 .text._ZN6FEHLCD14WriteParameterEh
                0x00010aa8      0x130 Libraries/FEHLCD.o
                0x00010aa8                FEHLCD::WriteParameter(unsigned char)
 .text._ZN6FEHLCD6_ClearEv
                0x00010bd8      0x15c Libraries/FEHLCD.o
                0x00010bd8                FEHLCD::_Clear()
 .text._ZN6FEHLCD8NextLineEv
                0x00010d34       0x2a Libraries/FEHLCD.o
                0x00010d34                FEHLCD::NextLine()
 .text._ZN6FEHLCD9CheckLineEv
                0x00010d5e       0x28 Libraries/FEHLCD.o
                0x00010d5e                FEHLCD::CheckLine()
 .text._ZN6FEHLCD8NextCharEv
                0x00010d86       0x32 Libraries/FEHLCD.o
                0x00010d86                FEHLCD::NextChar()
 .text._ZN6FEHLCD13SetDrawRegionEiiii
                0x00010db8       0xfe Libraries/FEHLCD.o
                0x00010db8                FEHLCD::SetDrawRegion(int, int, int, int)
 .text._ZN6FEHLCD9WriteCharEiic
                0x00010eb6       0x34 Libraries/FEHLCD.o
                0x00010eb6                FEHLCD::WriteChar(int, int, char)
 *fill*         0x00010eea        0x2 
 .text._ZN6FEHLCD11WriteCharAtEiic
                0x00010eec      0x214 Libraries/FEHLCD.o
                0x00010eec                FEHLCD::WriteCharAt(int, int, char)
 .text._ZN6FEHLCD11RepeatColorEv
                0x00011100       0x70 Libraries/FEHLCD.o
                0x00011100                FEHLCD::RepeatColor()
 .text._ZN6FEHLCD10_ForePixelEv
                0x00011170       0xc4 Libraries/FEHLCD.o
                0x00011170                FEHLCD::_ForePixel()
 .text._ZN6FEHLCD10_BackPixelEv
                0x00011234       0xc4 Libraries/FEHLCD.o
                0x00011234                FEHLCD::_BackPixel()
 .text._ZN6FEHLCD22SetRegisterColorValuesEv
                0x000112f8      0x336 Libraries/FEHLCD.o
                0x000112f8                FEHLCD::SetRegisterColorValues()
 *fill*         0x0001162e        0x2 
 .text._Z41__static_initialization_and_destruction_0ii
                0x00011630       0x2c Libraries/FEHLCD.o
 .text._GLOBAL__sub_I_image
                0x0001165c       0x10 Libraries/FEHLCD.o
 .text._ZN8FEHAccelC2Ev
                0x0001166c       0x70 Libraries/FEHAccel.o
                0x0001166c                FEHAccel::FEHAccel()
                0x0001166c                FEHAccel::FEHAccel()
 .text._Z41__static_initialization_and_destruction_0ii
                0x000116dc       0x2c Libraries/FEHAccel.o
 .text._GLOBAL__sub_I_Accel
                0x00011708       0x10 Libraries/FEHAccel.o
 .text._ZN10FEHBattery7VoltageEv
                0x00011718       0x54 Libraries/FEHBattery.o
                0x00011718                FEHBattery::Voltage()
 .text._ZN10FEHBatteryC2EN5FEHIO8FEHIOPinE
                0x0001176c       0x22 Libraries/FEHBattery.o
                0x0001176c                FEHBattery::FEHBattery(FEHIO::FEHIOPin)
                0x0001176c                FEHBattery::FEHBattery(FEHIO::FEHIOPin)
 *fill*         0x0001178e        0x2 
 .text._Z41__static_initialization_and_destruction_0ii
                0x00011790       0x30 Libraries/FEHBattery.o
 .text._GLOBAL__sub_I_Battery
                0x000117c0       0x10 Libraries/FEHBattery.o
 .text._ZN7FEHXBeeC2Ev
                0x000117d0       0x1a Drivers/FEHXBee.o
                0x000117d0                FEHXBee::FEHXBee()
                0x000117d0                FEHXBee::FEHXBee()
 *fill*         0x000117ea        0x2 
 .text._ZN7FEHXBee17SetPacketCallBackEPFvPhhE
                0x000117ec       0x20 Drivers/FEHXBee.o
                0x000117ec                FEHXBee::SetPacketCallBack(void (*)(unsigned char*, unsigned char))
 .text._Z22UART0_RX_TX_IRQHandlerv
                0x0001180c       0xec Drivers/FEHXBee.o
                0x0001180c                UART0_RX_TX_IRQHandler()
 .text._ZN6FEHRPSC2Ev
                0x000118f8       0x74 Libraries/FEHRPS.o
                0x000118f8                FEHRPS::FEHRPS()
                0x000118f8                FEHRPS::FEHRPS()
 .text._Z14RPSDataProcessPhh
                0x0001196c      0x148 Libraries/FEHRPS.o
                0x0001196c                RPSDataProcess(unsigned char*, unsigned char)
 .text._Z41__static_initialization_and_destruction_0ii
                0x00011ab4       0x2c Libraries/FEHRPS.o
 .text._GLOBAL__sub_I_RPS
                0x00011ae0       0x10 Libraries/FEHRPS.o
 .text._ZN5FEHSDC2Ev
                0x00011af0       0x24 Libraries/FEHSD.o
                0x00011af0                FEHSD::FEHSD()
                0x00011af0                FEHSD::FEHSD()
 .text._ZN5FEHSD9FCloseAllEv
                0x00011b14       0x6c Libraries/FEHSD.o
                0x00011b14                FEHSD::FCloseAll()
 .text._Z41__static_initialization_and_destruction_0ii
                0x00011b80       0x2c Libraries/FEHSD.o
 .text._GLOBAL__sub_I_SD
                0x00011bac       0x10 Libraries/FEHSD.o
 .text._ZN9FEHRandom10InitializeEv
                0x00011bbc       0x3c Libraries/FEHRandom.o
                0x00011bbc                FEHRandom::Initialize()
 .text.startup._GLOBAL__sub_I__ZN9__gnu_cxx9__freeresEv
                0x00011bf8       0x28 c:/gcc-arm-none-eabi-10.3-2021.10/bin/../lib/gcc/arm-none-eabi/10.3.1/../../../../arm-none-eabi/lib/thumb/v7e-m/nofp\libstdc++.a(eh_alloc.o)
 .text          0x00011c20      0x378 c:/gcc-arm-none-eabi-10.3-2021.10/bin/../lib/gcc/arm-none-eabi/10.3.1/thumb/v7e-m/nofp\libgcc.a(_arm_addsubdf3.o)
                0x00011c20                __aeabi_drsub
                0x00011c28                __aeabi_dsub
                0x00011c28                __subdf3
                0x00011c2c                __aeabi_dadd
                0x00011c2c                __adddf3
                0x00011ea4                __floatunsidf
                0x00011ea4                __aeabi_ui2d
                0x00011ec4                __floatsidf
                0x00011ec4                __aeabi_i2d
                0x00011ee8                __aeabi_f2d
                0x00011ee8                __extendsfdf2
                0x00011f2c                __floatundidf
                0x00011f2c                __aeabi_ul2d
                0x00011f3c                __floatdidf
                0x00011f3c                __aeabi_l2d
 .text          0x00011f98      0x424 c:/gcc-arm-none-eabi-10.3-2021.10/bin/../lib/gcc/arm-none-eabi/10.3.1/thumb/v7e-m/nofp\libgcc.a(_arm_muldivdf3.o)
                0x00011f98                __aeabi_dmul
                0x00011f98                __muldf3
                0x000121ec                __divdf3
                0x000121ec                __aeabi_ddiv
 .text          0x000123bc      0x110 c:/gcc-arm-none-eabi-10.3-2021.10/bin/../lib/gcc/arm-none-eabi/10.3.1/thumb/v7e-m/nofp\libgcc.a(_arm_cmpdf2.o)
                0x000123bc                __gtdf2
                0x000123bc                __gedf2
                0x000123c4                __ltdf2
                0x000123c4                __ledf2
                0x000123cc                __nedf2
                0x000123cc                __eqdf2
                0x000123cc                __cmpdf2
                0x00012448                __aeabi_cdrcmple
                0x00012458                __aeabi_cdcmpeq
                0x00012458                __aeabi_cdcmple
                0x00012468                __aeabi_dcmpeq
                0x0001247c                __aeabi_dcmplt
                0x00012490                __aeabi_dcmple
                0x000124a4                __aeabi_dcmpge
                0x000124b8                __aeabi_dcmpgt
 .text          0x000124cc       0x50 c:/gcc-arm-none-eabi-10.3-2021.10/bin/../lib/gcc/arm-none-eabi/10.3.1/thumb/v7e-m/nofp\libgcc.a(_arm_fixdfsi.o)
                0x000124cc                __aeabi_d2iz
                0x000124cc                __fixdfsi
 .text          0x0001251c       0x40 c:/gcc-arm-none-eabi-10.3-2021.10/bin/../lib/gcc/arm-none-eabi/10.3.1/thumb/v7e-m/nofp\libgcc.a(_arm_fixunsdfsi.o)
                0x0001251c                __aeabi_d2uiz
                0x0001251c                __fixunsdfsi
 .text          0x0001255c       0xa0 c:/gcc-arm-none-eabi-10.3-2021.10/bin/../lib/gcc/arm-none-eabi/10.3.1/thumb/v7e-m/nofp\libgcc.a(_arm_truncdfsf2.o)
                0x0001255c                __truncdfsf2
                0x0001255c                __aeabi_d2f
 .text          0x000125fc      0x21c c:/gcc-arm-none-eabi-10.3-2021.10/bin/../lib/gcc/arm-none-eabi/10.3.1/thumb/v7e-m/nofp\libgcc.a(_arm_addsubsf3.o)
                0x000125fc                __aeabi_frsub
                0x00012604                __subsf3
                0x00012604                __aeabi_fsub
                0x00012608                __aeabi_fadd
                0x00012608                __addsf3
                0x00012768                __aeabi_ui2f
                0x00012768                __floatunsisf
                0x00012770                __aeabi_i2f
                0x00012770                __floatsisf
                0x0001278c                __aeabi_ul2f
                0x0001278c                __floatundisf
                0x0001279c                __aeabi_l2f
                0x0001279c                __floatdisf
 .text          0x00012818      0x2a0 c:/gcc-arm-none-eabi-10.3-2021.10/bin/../lib/gcc/arm-none-eabi/10.3.1/thumb/v7e-m/nofp\libgcc.a(_arm_muldivsf3.o)
                0x00012818                __mulsf3
                0x00012818                __aeabi_fmul
                0x00012980                __aeabi_fdiv
                0x00012980                __divsf3
 .text          0x00012ab8       0xec c:/gcc-arm-none-eabi-10.3-2021.10/bin/../lib/gcc/arm-none-eabi/10.3.1/thumb/v7e-m/nofp\libgcc.a(_arm_cmpsf2.o)
                0x00012ab8                __gesf2
                0x00012ab8                __gtsf2
                0x00012ac0                __lesf2
                0x00012ac0                __ltsf2
                0x00012ac8                __nesf2
                0x00012ac8                __eqsf2
                0x00012ac8                __cmpsf2
                0x00012b28                __aeabi_cfrcmple
                0x00012b30                __aeabi_cfcmpeq
                0x00012b30                __aeabi_cfcmple
                0x00012b40                __aeabi_fcmpeq
                0x00012b54                __aeabi_fcmplt
                0x00012b68                __aeabi_fcmple
                0x00012b7c                __aeabi_fcmpge
                0x00012b90                __aeabi_fcmpgt
 .text          0x00012ba4       0x4c c:/gcc-arm-none-eabi-10.3-2021.10/bin/../lib/gcc/arm-none-eabi/10.3.1/thumb/v7e-m/nofp\libgcc.a(_arm_fixsfsi.o)
                0x00012ba4                __aeabi_f2iz
                0x00012ba4                __fixsfsi
 .text.abort    0x00012bf0       0x10 c:/gcc-arm-none-eabi-10.3-2021.10/bin/../lib/gcc/arm-none-eabi/10.3.1/../../../../arm-none-eabi/lib/thumb/v7e-m/nofp\libg.a(lib_a-abort.o)
                0x00012bf0                abort
 .text.__sfvwrite_r
                0x00012c00      0x2e8 c:/gcc-arm-none-eabi-10.3-2021.10/bin/../lib/gcc/arm-none-eabi/10.3.1/../../../../arm-none-eabi/lib/thumb/v7e-m/nofp\libg.a(lib_a-fvwrite.o)
                0x00012c00                __sfvwrite_r
 .text.__libc_init_array
                0x00012ee8       0x48 c:/gcc-arm-none-eabi-10.3-2021.10/bin/../lib/gcc/arm-none-eabi/10.3.1/../../../../arm-none-eabi/lib/thumb/v7e-m/nofp\libg.a(lib_a-init.o)
                0x00012ee8                __libc_init_array
 .text.__retarget_lock_init_recursive
                0x00012f30        0x4 c:/gcc-arm-none-eabi-10.3-2021.10/bin/../lib/gcc/arm-none-eabi/10.3.1/../../../../arm-none-eabi/lib/thumb/v7e-m/nofp\libg.a(lib_a-lock.o)
                0x00012f30                __retarget_lock_init_recursive
 .text.__retarget_lock_close_recursive
                0x00012f34        0x4 c:/gcc-arm-none-eabi-10.3-2021.10/bin/../lib/gcc/arm-none-eabi/10.3.1/../../../../arm-none-eabi/lib/thumb/v7e-m/nofp\libg.a(lib_a-lock.o)
                0x00012f34                __retarget_lock_close_recursive
 .text.__retarget_lock_acquire_recursive
                0x00012f38        0x4 c:/gcc-arm-none-eabi-10.3-2021.10/bin/../lib/gcc/arm-none-eabi/10.3.1/../../../../arm-none-eabi/lib/thumb/v7e-m/nofp\libg.a(lib_a-lock.o)
                0x00012f38                __retarget_lock_acquire_recursive
 .text.__retarget_lock_release_recursive
                0x00012f3c        0x4 c:/gcc-arm-none-eabi-10.3-2021.10/bin/../lib/gcc/arm-none-eabi/10.3.1/../../../../arm-none-eabi/lib/thumb/v7e-m/nofp\libg.a(lib_a-lock.o)
                0x00012f3c                __retarget_lock_release_recursive
 .text.malloc   0x00012f40       0x10 c:/gcc-arm-none-eabi-10.3-2021.10/bin/../lib/gcc/arm-none-eabi/10.3.1/../../../../arm-none-eabi/lib/thumb/v7e-m/nofp\libg.a(lib_a-malloc.o)
                0x00012f40                malloc
 .text._malloc_r
                0x00012f50      0x560 c:/gcc-arm-none-eabi-10.3-2021.10/bin/../lib/gcc/arm-none-eabi/10.3.1/../../../../arm-none-eabi/lib/thumb/v7e-m/nofp\libg.a(lib_a-mallocr.o)
                0x00012f50                _malloc_r
 .text          0x000134b0       0xa0 c:/gcc-arm-none-eabi-10.3-2021.10/bin/../lib/gcc/arm-none-eabi/10.3.1/../../../../arm-none-eabi/lib/thumb/v7e-m/nofp\libg.a(lib_a-memchr.o)
                0x000134b0                memchr
 .text          0x00013550      0x134 c:/gcc-arm-none-eabi-10.3-2021.10/bin/../lib/gcc/arm-none-eabi/10.3.1/../../../../arm-none-eabi/lib/thumb/v7e-m/nofp\libg.a(lib_a-memcpy.o)
                0x00013550                memcpy
 .text.memmove  0x00013684       0xf8 c:/gcc-arm-none-eabi-10.3-2021.10/bin/../lib/gcc/arm-none-eabi/10.3.1/../../../../arm-none-eabi/lib/thumb/v7e-m/nofp\libg.a(lib_a-memmove.o)
                0x00013684                memmove
 .text.memset   0x0001377c       0xa4 c:/gcc-arm-none-eabi-10.3-2021.10/bin/../lib/gcc/arm-none-eabi/10.3.1/../../../../arm-none-eabi/lib/thumb/v7e-m/nofp\libg.a(lib_a-memset.o)
                0x0001377c                memset
 .text.__malloc_lock
                0x00013820        0xc c:/gcc-arm-none-eabi-10.3-2021.10/bin/../lib/gcc/arm-none-eabi/10.3.1/../../../../arm-none-eabi/lib/thumb/v7e-m/nofp\libg.a(lib_a-mlock.o)
                0x00013820                __malloc_lock
 .text.__malloc_unlock
                0x0001382c        0xc c:/gcc-arm-none-eabi-10.3-2021.10/bin/../lib/gcc/arm-none-eabi/10.3.1/../../../../arm-none-eabi/lib/thumb/v7e-m/nofp\libg.a(lib_a-mlock.o)
                0x0001382c                __malloc_unlock
 .text._realloc_r
                0x00013838      0x3d8 c:/gcc-arm-none-eabi-10.3-2021.10/bin/../lib/gcc/arm-none-eabi/10.3.1/../../../../arm-none-eabi/lib/thumb/v7e-m/nofp\libg.a(lib_a-reallocr.o)
                0x00013838                _realloc_r
 .text._sbrk_r  0x00013c10       0x24 c:/gcc-arm-none-eabi-10.3-2021.10/bin/../lib/gcc/arm-none-eabi/10.3.1/../../../../arm-none-eabi/lib/thumb/v7e-m/nofp\libg.a(lib_a-sbrkr.o)
                0x00013c10                _sbrk_r
 .text.raise    0x00013c34       0x5c c:/gcc-arm-none-eabi-10.3-2021.10/bin/../lib/gcc/arm-none-eabi/10.3.1/../../../../arm-none-eabi/lib/thumb/v7e-m/nofp\libg.a(lib_a-signal.o)
                0x00013c34                raise
 .text._kill_r  0x00013c90       0x2c c:/gcc-arm-none-eabi-10.3-2021.10/bin/../lib/gcc/arm-none-eabi/10.3.1/../../../../arm-none-eabi/lib/thumb/v7e-m/nofp\libg.a(lib_a-signalr.o)
                0x00013c90                _kill_r
 .text._getpid_r
                0x00013cbc        0x4 c:/gcc-arm-none-eabi-10.3-2021.10/bin/../lib/gcc/arm-none-eabi/10.3.1/../../../../arm-none-eabi/lib/thumb/v7e-m/nofp\libg.a(lib_a-signalr.o)
                0x00013cbc                _getpid_r
 .text.sprintf  0x00013cc0       0x40 c:/gcc-arm-none-eabi-10.3-2021.10/bin/../lib/gcc/arm-none-eabi/10.3.1/../../../../arm-none-eabi/lib/thumb/v7e-m/nofp\libg.a(lib_a-sprintf.o)
                0x00013cc0                sprintf
 .text          0x00013d00       0xdc c:/gcc-arm-none-eabi-10.3-2021.10/bin/../lib/gcc/arm-none-eabi/10.3.1/../../../../arm-none-eabi/lib/thumb/v7e-m/nofp\libg.a(lib_a-strlen.o)
                0x00013d00                strlen
 .text._svfprintf_r
                0x00013ddc     0x1a3c c:/gcc-arm-none-eabi-10.3-2021.10/bin/../lib/gcc/arm-none-eabi/10.3.1/../../../../arm-none-eabi/lib/thumb/v7e-m/nofp\libg.a(lib_a-svfprintf.o)
                0x00013ddc                _svfprintf_r
 .text.__swbuf_r
                0x00015818       0xb0 c:/gcc-arm-none-eabi-10.3-2021.10/bin/../lib/gcc/arm-none-eabi/10.3.1/../../../../arm-none-eabi/lib/thumb/v7e-m/nofp\libg.a(lib_a-wbuf.o)
                0x00015818                __swbuf_r
 .text._write_r
                0x000158c8       0x2c c:/gcc-arm-none-eabi-10.3-2021.10/bin/../lib/gcc/arm-none-eabi/10.3.1/../../../../arm-none-eabi/lib/thumb/v7e-m/nofp\libg.a(lib_a-writer.o)
                0x000158c8                _write_r
 .text.__swsetup_r
                0x000158f4       0xd4 c:/gcc-arm-none-eabi-10.3-2021.10/bin/../lib/gcc/arm-none-eabi/10.3.1/../../../../arm-none-eabi/lib/thumb/v7e-m/nofp\libg.a(lib_a-wsetup.o)
                0x000158f4                __swsetup_r
 .text.startup.register_fini
                0x000159c8       0x14 c:/gcc-arm-none-eabi-10.3-2021.10/bin/../lib/gcc/arm-none-eabi/10.3.1/../../../../arm-none-eabi/lib/thumb/v7e-m/nofp\libg.a(lib_a-__call_atexit.o)
 .text.atexit   0x000159dc        0xc c:/gcc-arm-none-eabi-10.3-2021.10/bin/../lib/gcc/arm-none-eabi/10.3.1/../../../../arm-none-eabi/lib/thumb/v7e-m/nofp\libg.a(lib_a-atexit.o)
                0x000159dc                atexit
 .text.quorem   0x000159e8      0x124 c:/gcc-arm-none-eabi-10.3-2021.10/bin/../lib/gcc/arm-none-eabi/10.3.1/../../../../arm-none-eabi/lib/thumb/v7e-m/nofp\libg.a(lib_a-dtoa.o)
 *fill*         0x00015b0c        0x4 
 .text._dtoa_r  0x00015b10      0xec4 c:/gcc-arm-none-eabi-10.3-2021.10/bin/../lib/gcc/arm-none-eabi/10.3.1/../../../../arm-none-eabi/lib/thumb/v7e-m/nofp\libg.a(lib_a-dtoa.o)
                0x00015b10                _dtoa_r
 .text.__sflush_r
                0x000169d4      0x120 c:/gcc-arm-none-eabi-10.3-2021.10/bin/../lib/gcc/arm-none-eabi/10.3.1/../../../../arm-none-eabi/lib/thumb/v7e-m/nofp\libg.a(lib_a-fflush.o)
                0x000169d4                __sflush_r
 .text._fflush_r
                0x00016af4       0x5c c:/gcc-arm-none-eabi-10.3-2021.10/bin/../lib/gcc/arm-none-eabi/10.3.1/../../../../arm-none-eabi/lib/thumb/v7e-m/nofp\libg.a(lib_a-fflush.o)
                0x00016af4                _fflush_r
 .text._cleanup_r
                0x00016b50        0xc c:/gcc-arm-none-eabi-10.3-2021.10/bin/../lib/gcc/arm-none-eabi/10.3.1/../../../../arm-none-eabi/lib/thumb/v7e-m/nofp\libg.a(lib_a-findfp.o)
                0x00016b50                _cleanup_r
 .text.__sinit  0x00016b5c      0x10c c:/gcc-arm-none-eabi-10.3-2021.10/bin/../lib/gcc/arm-none-eabi/10.3.1/../../../../arm-none-eabi/lib/thumb/v7e-m/nofp\libg.a(lib_a-findfp.o)
                0x00016b5c                __sinit
 .text.__sfp_lock_acquire
                0x00016c68        0xc c:/gcc-arm-none-eabi-10.3-2021.10/bin/../lib/gcc/arm-none-eabi/10.3.1/../../../../arm-none-eabi/lib/thumb/v7e-m/nofp\libg.a(lib_a-findfp.o)
                0x00016c68                __sfp_lock_acquire
 .text.__sfp_lock_release
                0x00016c74        0xc c:/gcc-arm-none-eabi-10.3-2021.10/bin/../lib/gcc/arm-none-eabi/10.3.1/../../../../arm-none-eabi/lib/thumb/v7e-m/nofp\libg.a(lib_a-findfp.o)
                0x00016c74                __sfp_lock_release
 .text.__libc_fini_array
                0x00016c80       0x2c c:/gcc-arm-none-eabi-10.3-2021.10/bin/../lib/gcc/arm-none-eabi/10.3.1/../../../../arm-none-eabi/lib/thumb/v7e-m/nofp\libg.a(lib_a-fini.o)
                0x00016c80                __libc_fini_array
 .text._malloc_trim_r
                0x00016cac       0xa0 c:/gcc-arm-none-eabi-10.3-2021.10/bin/../lib/gcc/arm-none-eabi/10.3.1/../../../../arm-none-eabi/lib/thumb/v7e-m/nofp\libg.a(lib_a-freer.o)
                0x00016cac                _malloc_trim_r
 .text._free_r  0x00016d4c      0x20c c:/gcc-arm-none-eabi-10.3-2021.10/bin/../lib/gcc/arm-none-eabi/10.3.1/../../../../arm-none-eabi/lib/thumb/v7e-m/nofp\libg.a(lib_a-freer.o)
                0x00016d4c                _free_r
 .text._fwalk_reent
                0x00016f58       0x48 c:/gcc-arm-none-eabi-10.3-2021.10/bin/../lib/gcc/arm-none-eabi/10.3.1/../../../../arm-none-eabi/lib/thumb/v7e-m/nofp\libg.a(lib_a-fwalk.o)
                0x00016f58                _fwalk_reent
 .text._localeconv_r
                0x00016fa0        0x8 c:/gcc-arm-none-eabi-10.3-2021.10/bin/../lib/gcc/arm-none-eabi/10.3.1/../../../../arm-none-eabi/lib/thumb/v7e-m/nofp\libg.a(lib_a-localeconv.o)
                0x00016fa0                _localeconv_r
 .text.__smakebuf_r
                0x00016fa8       0xe0 c:/gcc-arm-none-eabi-10.3-2021.10/bin/../lib/gcc/arm-none-eabi/10.3.1/../../../../arm-none-eabi/lib/thumb/v7e-m/nofp\libg.a(lib_a-makebuf.o)
                0x00016fa8                __smakebuf_r
 .text._Balloc  0x00017088       0x4c c:/gcc-arm-none-eabi-10.3-2021.10/bin/../lib/gcc/arm-none-eabi/10.3.1/../../../../arm-none-eabi/lib/thumb/v7e-m/nofp\libg.a(lib_a-mprec.o)
                0x00017088                _Balloc
 .text._Bfree   0x000170d4       0x14 c:/gcc-arm-none-eabi-10.3-2021.10/bin/../lib/gcc/arm-none-eabi/10.3.1/../../../../arm-none-eabi/lib/thumb/v7e-m/nofp\libg.a(lib_a-mprec.o)
                0x000170d4                _Bfree
 .text.__multadd
                0x000170e8       0xa0 c:/gcc-arm-none-eabi-10.3-2021.10/bin/../lib/gcc/arm-none-eabi/10.3.1/../../../../arm-none-eabi/lib/thumb/v7e-m/nofp\libg.a(lib_a-mprec.o)
                0x000170e8                __multadd
 .text.__hi0bits
                0x00017188       0x40 c:/gcc-arm-none-eabi-10.3-2021.10/bin/../lib/gcc/arm-none-eabi/10.3.1/../../../../arm-none-eabi/lib/thumb/v7e-m/nofp\libg.a(lib_a-mprec.o)
                0x00017188                __hi0bits
 .text.__lo0bits
                0x000171c8       0x5c c:/gcc-arm-none-eabi-10.3-2021.10/bin/../lib/gcc/arm-none-eabi/10.3.1/../../../../arm-none-eabi/lib/thumb/v7e-m/nofp\libg.a(lib_a-mprec.o)
                0x000171c8                __lo0bits
 .text.__i2b    0x00017224       0x5c c:/gcc-arm-none-eabi-10.3-2021.10/bin/../lib/gcc/arm-none-eabi/10.3.1/../../../../arm-none-eabi/lib/thumb/v7e-m/nofp\libg.a(lib_a-mprec.o)
                0x00017224                __i2b
 .text.__multiply
                0x00017280      0x15c c:/gcc-arm-none-eabi-10.3-2021.10/bin/../lib/gcc/arm-none-eabi/10.3.1/../../../../arm-none-eabi/lib/thumb/v7e-m/nofp\libg.a(lib_a-mprec.o)
                0x00017280                __multiply
 .text.__pow5mult
                0x000173dc       0xc0 c:/gcc-arm-none-eabi-10.3-2021.10/bin/../lib/gcc/arm-none-eabi/10.3.1/../../../../arm-none-eabi/lib/thumb/v7e-m/nofp\libg.a(lib_a-mprec.o)
                0x000173dc                __pow5mult
 .text.__lshift
                0x0001749c       0xf0 c:/gcc-arm-none-eabi-10.3-2021.10/bin/../lib/gcc/arm-none-eabi/10.3.1/../../../../arm-none-eabi/lib/thumb/v7e-m/nofp\libg.a(lib_a-mprec.o)
                0x0001749c                __lshift
 .text.__mcmp   0x0001758c       0x40 c:/gcc-arm-none-eabi-10.3-2021.10/bin/../lib/gcc/arm-none-eabi/10.3.1/../../../../arm-none-eabi/lib/thumb/v7e-m/nofp\libg.a(lib_a-mprec.o)
                0x0001758c                __mcmp
 .text.__mdiff  0x000175cc      0x14c c:/gcc-arm-none-eabi-10.3-2021.10/bin/../lib/gcc/arm-none-eabi/10.3.1/../../../../arm-none-eabi/lib/thumb/v7e-m/nofp\libg.a(lib_a-mprec.o)
                0x000175cc                __mdiff
 .text.__d2b    0x00017718       0xc4 c:/gcc-arm-none-eabi-10.3-2021.10/bin/../lib/gcc/arm-none-eabi/10.3.1/../../../../arm-none-eabi/lib/thumb/v7e-m/nofp\libg.a(lib_a-mprec.o)
                0x00017718                __d2b
 .text.frexp    0x000177dc       0x70 c:/gcc-arm-none-eabi-10.3-2021.10/bin/../lib/gcc/arm-none-eabi/10.3.1/../../../../arm-none-eabi/lib/thumb/v7e-m/nofp\libg.a(lib_a-s_frexp.o)
                0x000177dc                frexp
 .text.__sread  0x0001784c       0x24 c:/gcc-arm-none-eabi-10.3-2021.10/bin/../lib/gcc/arm-none-eabi/10.3.1/../../../../arm-none-eabi/lib/thumb/v7e-m/nofp\libg.a(lib_a-stdio.o)
                0x0001784c                __sread
 .text.__swrite
                0x00017870       0x40 c:/gcc-arm-none-eabi-10.3-2021.10/bin/../lib/gcc/arm-none-eabi/10.3.1/../../../../arm-none-eabi/lib/thumb/v7e-m/nofp\libg.a(lib_a-stdio.o)
                0x00017870                __swrite
 .text.__sseek  0x000178b0       0x20 c:/gcc-arm-none-eabi-10.3-2021.10/bin/../lib/gcc/arm-none-eabi/10.3.1/../../../../arm-none-eabi/lib/thumb/v7e-m/nofp\libg.a(lib_a-stdio.o)
                0x000178b0                __sseek
 .text.__sclose
                0x000178d0        0x8 c:/gcc-arm-none-eabi-10.3-2021.10/bin/../lib/gcc/arm-none-eabi/10.3.1/../../../../arm-none-eabi/lib/thumb/v7e-m/nofp\libg.a(lib_a-stdio.o)
                0x000178d0                __sclose
 .text.strncpy  0x000178d8       0x64 c:/gcc-arm-none-eabi-10.3-2021.10/bin/../lib/gcc/arm-none-eabi/10.3.1/../../../../arm-none-eabi/lib/thumb/v7e-m/nofp\libg.a(lib_a-strncpy.o)
                0x000178d8                strncpy
 .text.__ssprint_r
                0x0001793c       0xf8 c:/gcc-arm-none-eabi-10.3-2021.10/bin/../lib/gcc/arm-none-eabi/10.3.1/../../../../arm-none-eabi/lib/thumb/v7e-m/nofp\libg.a(lib_a-svfiprintf.o)
                0x0001793c                __ssprint_r
 .text.__register_exitproc
                0x00017a34       0x8c c:/gcc-arm-none-eabi-10.3-2021.10/bin/../lib/gcc/arm-none-eabi/10.3.1/../../../../arm-none-eabi/lib/thumb/v7e-m/nofp\libg.a(lib_a-__atexit.o)
                0x00017a34                __register_exitproc
 .text.__assert_func
                0x00017ac0       0x40 c:/gcc-arm-none-eabi-10.3-2021.10/bin/../lib/gcc/arm-none-eabi/10.3.1/../../../../arm-none-eabi/lib/thumb/v7e-m/nofp\libg.a(lib_a-assert.o)
                0x00017ac0                __assert_func
 .text._calloc_r
                0x00017b00       0x78 c:/gcc-arm-none-eabi-10.3-2021.10/bin/../lib/gcc/arm-none-eabi/10.3.1/../../../../arm-none-eabi/lib/thumb/v7e-m/nofp\libg.a(lib_a-callocr.o)
                0x00017b00                _calloc_r
 .text._close_r
                0x00017b78       0x24 c:/gcc-arm-none-eabi-10.3-2021.10/bin/../lib/gcc/arm-none-eabi/10.3.1/../../../../arm-none-eabi/lib/thumb/v7e-m/nofp\libg.a(lib_a-closer.o)
                0x00017b78                _close_r
 .text.__errno  0x00017b9c        0xc c:/gcc-arm-none-eabi-10.3-2021.10/bin/../lib/gcc/arm-none-eabi/10.3.1/../../../../arm-none-eabi/lib/thumb/v7e-m/nofp\libg.a(lib_a-errno.o)
                0x00017b9c                __errno
 .text._fclose_r
                0x00017ba8       0xcc c:/gcc-arm-none-eabi-10.3-2021.10/bin/../lib/gcc/arm-none-eabi/10.3.1/../../../../arm-none-eabi/lib/thumb/v7e-m/nofp\libg.a(lib_a-fclose.o)
                0x00017ba8                _fclose_r
 .text.fiprintf
                0x00017c74       0x28 c:/gcc-arm-none-eabi-10.3-2021.10/bin/../lib/gcc/arm-none-eabi/10.3.1/../../../../arm-none-eabi/lib/thumb/v7e-m/nofp\libg.a(lib_a-fiprintf.o)
                0x00017c74                fiprintf
 .text._fstat_r
                0x00017c9c       0x2c c:/gcc-arm-none-eabi-10.3-2021.10/bin/../lib/gcc/arm-none-eabi/10.3.1/../../../../arm-none-eabi/lib/thumb/v7e-m/nofp\libg.a(lib_a-fstatr.o)
                0x00017c9c                _fstat_r
 .text._isatty_r
                0x00017cc8       0x24 c:/gcc-arm-none-eabi-10.3-2021.10/bin/../lib/gcc/arm-none-eabi/10.3.1/../../../../arm-none-eabi/lib/thumb/v7e-m/nofp\libg.a(lib_a-isattyr.o)
                0x00017cc8                _isatty_r
 .text.__locale_mb_cur_max
                0x00017cec        0xc c:/gcc-arm-none-eabi-10.3-2021.10/bin/../lib/gcc/arm-none-eabi/10.3.1/../../../../arm-none-eabi/lib/thumb/v7e-m/nofp\libg.a(lib_a-locale.o)
                0x00017cec                __locale_mb_cur_max
 .text._lseek_r
                0x00017cf8       0x2c c:/gcc-arm-none-eabi-10.3-2021.10/bin/../lib/gcc/arm-none-eabi/10.3.1/../../../../arm-none-eabi/lib/thumb/v7e-m/nofp\libg.a(lib_a-lseekr.o)
                0x00017cf8                _lseek_r
 .text.__ascii_mbtowc
                0x00017d24       0x2c c:/gcc-arm-none-eabi-10.3-2021.10/bin/../lib/gcc/arm-none-eabi/10.3.1/../../../../arm-none-eabi/lib/thumb/v7e-m/nofp\libg.a(lib_a-mbtowc_r.o)
                0x00017d24                __ascii_mbtowc
 .text._read_r  0x00017d50       0x2c c:/gcc-arm-none-eabi-10.3-2021.10/bin/../lib/gcc/arm-none-eabi/10.3.1/../../../../arm-none-eabi/lib/thumb/v7e-m/nofp\libg.a(lib_a-readr.o)
                0x00017d50                _read_r
 .text.__sprint_r.part.0
                0x00017d7c       0x78 c:/gcc-arm-none-eabi-10.3-2021.10/bin/../lib/gcc/arm-none-eabi/10.3.1/../../../../arm-none-eabi/lib/thumb/v7e-m/nofp\libg.a(lib_a-vfiprintf.o)
 .text._vfiprintf_r
                0x00017df4      0xda0 c:/gcc-arm-none-eabi-10.3-2021.10/bin/../lib/gcc/arm-none-eabi/10.3.1/../../../../arm-none-eabi/lib/thumb/v7e-m/nofp\libg.a(lib_a-vfiprintf.o)
                0x00017df4                _vfiprintf_r
 .text.__sbprintf
                0x00018b94       0x80 c:/gcc-arm-none-eabi-10.3-2021.10/bin/../lib/gcc/arm-none-eabi/10.3.1/../../../../arm-none-eabi/lib/thumb/v7e-m/nofp\libg.a(lib_a-vfiprintf.o)
 .text.__ascii_wctomb
                0x00018c14       0x1c c:/gcc-arm-none-eabi-10.3-2021.10/bin/../lib/gcc/arm-none-eabi/10.3.1/../../../../arm-none-eabi/lib/thumb/v7e-m/nofp\libg.a(lib_a-wctomb_r.o)
                0x00018c14                __ascii_wctomb
 .text.__fputwc
                0x00018c30       0xa8 c:/gcc-arm-none-eabi-10.3-2021.10/bin/../lib/gcc/arm-none-eabi/10.3.1/../../../../arm-none-eabi/lib/thumb/v7e-m/nofp\libg.a(lib_a-fputwc.o)
                0x00018c30                __fputwc
 .text._fputwc_r
                0x00018cd8       0x68 c:/gcc-arm-none-eabi-10.3-2021.10/bin/../lib/gcc/arm-none-eabi/10.3.1/../../../../arm-none-eabi/lib/thumb/v7e-m/nofp\libg.a(lib_a-fputwc.o)
                0x00018cd8                _fputwc_r
 .text._wcrtomb_r
                0x00018d40       0x3c c:/gcc-arm-none-eabi-10.3-2021.10/bin/../lib/gcc/arm-none-eabi/10.3.1/../../../../arm-none-eabi/lib/thumb/v7e-m/nofp\libg.a(lib_a-wcrtomb.o)
                0x00018d40                _wcrtomb_r
 .text          0x00018d7c       0x2c c:/gcc-arm-none-eabi-10.3-2021.10/bin/../lib/gcc/arm-none-eabi/10.3.1/thumb/v7e-m/nofp\libgcc.a(_arm_unorddf2.o)
                0x00018d7c                __unorddf2
                0x00018d7c                __aeabi_dcmpun
 .text          0x00018da8       0x30 c:/gcc-arm-none-eabi-10.3-2021.10/bin/../lib/gcc/arm-none-eabi/10.3.1/thumb/v7e-m/nofp\libgcc.a(_aeabi_uldivmod.o)
                0x00018da8                __aeabi_uldivmod
 .text          0x00018dd8      0x2d0 c:/gcc-arm-none-eabi-10.3-2021.10/bin/../lib/gcc/arm-none-eabi/10.3.1/thumb/v7e-m/nofp\libgcc.a(_udivmoddi4.o)
                0x00018dd8                __udivmoddi4
 .text          0x000190a8        0x4 c:/gcc-arm-none-eabi-10.3-2021.10/bin/../lib/gcc/arm-none-eabi/10.3.1/thumb/v7e-m/nofp\libgcc.a(_dvmd_tls.o)
                0x000190a8                __aeabi_idiv0
                0x000190a8                __aeabi_ldiv0
 .text._close   0x000190ac       0x10 c:/gcc-arm-none-eabi-10.3-2021.10/bin/../lib/gcc/arm-none-eabi/10.3.1/../../../../arm-none-eabi/lib/thumb/v7e-m/nofp\libnosys.a(close.o)
                0x000190ac                _close
 .text._fstat   0x000190bc       0x10 c:/gcc-arm-none-eabi-10.3-2021.10/bin/../lib/gcc/arm-none-eabi/10.3.1/../../../../arm-none-eabi/lib/thumb/v7e-m/nofp\libnosys.a(fstat.o)
                0x000190bc                _fstat
 .text._getpid  0x000190cc       0x10 c:/gcc-arm-none-eabi-10.3-2021.10/bin/../lib/gcc/arm-none-eabi/10.3.1/../../../../arm-none-eabi/lib/thumb/v7e-m/nofp\libnosys.a(getpid.o)
                0x000190cc                _getpid
 .text._isatty  0x000190dc       0x10 c:/gcc-arm-none-eabi-10.3-2021.10/bin/../lib/gcc/arm-none-eabi/10.3.1/../../../../arm-none-eabi/lib/thumb/v7e-m/nofp\libnosys.a(isatty.o)
                0x000190dc                _isatty
 .text._kill    0x000190ec       0x10 c:/gcc-arm-none-eabi-10.3-2021.10/bin/../lib/gcc/arm-none-eabi/10.3.1/../../../../arm-none-eabi/lib/thumb/v7e-m/nofp\libnosys.a(kill.o)
                0x000190ec                _kill
 .text._lseek   0x000190fc       0x10 c:/gcc-arm-none-eabi-10.3-2021.10/bin/../lib/gcc/arm-none-eabi/10.3.1/../../../../arm-none-eabi/lib/thumb/v7e-m/nofp\libnosys.a(lseek.o)
                0x000190fc                _lseek
 .text._read    0x0001910c       0x10 c:/gcc-arm-none-eabi-10.3-2021.10/bin/../lib/gcc/arm-none-eabi/10.3.1/../../../../arm-none-eabi/lib/thumb/v7e-m/nofp\libnosys.a(read.o)
                0x0001910c                _read
 .text._sbrk    0x0001911c       0x1c c:/gcc-arm-none-eabi-10.3-2021.10/bin/../lib/gcc/arm-none-eabi/10.3.1/../../../../arm-none-eabi/lib/thumb/v7e-m/nofp\libnosys.a(sbrk.o)
                0x0001911c                _sbrk
 .text._write   0x00019138       0x10 c:/gcc-arm-none-eabi-10.3-2021.10/bin/../lib/gcc/arm-none-eabi/10.3.1/../../../../arm-none-eabi/lib/thumb/v7e-m/nofp\libnosys.a(write.o)
                0x00019138                _write
 .text._exit    0x00019148        0x4 c:/gcc-arm-none-eabi-10.3-2021.10/bin/../lib/gcc/arm-none-eabi/10.3.1/../../../../arm-none-eabi/lib/thumb/v7e-m/nofp\libnosys.a(_exit.o)
                0x00019148                _exit
 *(.rodata .rodata.* .constdata .constdata.*)
 .rodata        0x0001914c       0x2b ../main.o
 *fill*         0x00019177        0x1 
 .rodata.K60_SDHC0_init
                0x00019178        0xc Drivers/SDHC.o
                0x00019178                K60_SDHC0_init
 .rodata._ZL21ESDHC_COMMAND_XFERTYP
                0x00019184      0x100 Drivers/SDHC.o
 .rodata._ZL9GPIOPorts
                0x00019284       0x20 Libraries/FEHIO.o
 .rodata._ZL10ADCNumbers
                0x000192a4       0x21 Libraries/FEHIO.o
 *fill*         0x000192c5        0x3 
 .rodata._ZL14GPIOPinNumbers
                0x000192c8       0x80 Libraries/FEHIO.o
 .rodata._ZL16AnalogPinNumbers
                0x00019348       0x84 Libraries/FEHIO.o
 .rodata        0x000193cc       0x78 Libraries/FEHIO.o
 .rodata        0x00019444       0x32 Libraries/FEHLCD.o
 *fill*         0x00019476        0x2 
 .rodata._global_impure_ptr
                0x00019478        0x4 c:/gcc-arm-none-eabi-10.3-2021.10/bin/../lib/gcc/arm-none-eabi/10.3.1/../../../../arm-none-eabi/lib/thumb/v7e-m/nofp\libg.a(lib_a-impure.o)
                0x00019478                _global_impure_ptr
 .rodata._svfprintf_r.str1.4
                0x0001947c       0x42 c:/gcc-arm-none-eabi-10.3-2021.10/bin/../lib/gcc/arm-none-eabi/10.3.1/../../../../arm-none-eabi/lib/thumb/v7e-m/nofp\libg.a(lib_a-svfprintf.o)
 *fill*         0x000194be        0x2 
 .rodata.blanks.1
                0x000194c0       0x10 c:/gcc-arm-none-eabi-10.3-2021.10/bin/../lib/gcc/arm-none-eabi/10.3.1/../../../../arm-none-eabi/lib/thumb/v7e-m/nofp\libg.a(lib_a-svfprintf.o)
 .rodata.zeroes.0
                0x000194d0       0x10 c:/gcc-arm-none-eabi-10.3-2021.10/bin/../lib/gcc/arm-none-eabi/10.3.1/../../../../arm-none-eabi/lib/thumb/v7e-m/nofp\libg.a(lib_a-svfprintf.o)
 .rodata._dtoa_r.str1.4
                0x000194e0       0xa2 c:/gcc-arm-none-eabi-10.3-2021.10/bin/../lib/gcc/arm-none-eabi/10.3.1/../../../../arm-none-eabi/lib/thumb/v7e-m/nofp\libg.a(lib_a-dtoa.o)
                                 0xa6 (size before relaxing)
 *fill*         0x00019582        0x2 
 .rodata.__multadd.str1.4
                0x00019584       0x7f c:/gcc-arm-none-eabi-10.3-2021.10/bin/../lib/gcc/arm-none-eabi/10.3.1/../../../../arm-none-eabi/lib/thumb/v7e-m/nofp\libg.a(lib_a-mprec.o)
                                 0x93 (size before relaxing)
 *fill*         0x00019603        0x5 
 .rodata.__mprec_bigtens
                0x00019608       0x28 c:/gcc-arm-none-eabi-10.3-2021.10/bin/../lib/gcc/arm-none-eabi/10.3.1/../../../../arm-none-eabi/lib/thumb/v7e-m/nofp\libg.a(lib_a-mprec.o)
                0x00019608                __mprec_bigtens
 .rodata.__mprec_tens
                0x00019630       0xc8 c:/gcc-arm-none-eabi-10.3-2021.10/bin/../lib/gcc/arm-none-eabi/10.3.1/../../../../arm-none-eabi/lib/thumb/v7e-m/nofp\libg.a(lib_a-mprec.o)
                0x00019630                __mprec_tens
 .rodata.p05.0  0x000196f8        0xc c:/gcc-arm-none-eabi-10.3-2021.10/bin/../lib/gcc/arm-none-eabi/10.3.1/../../../../arm-none-eabi/lib/thumb/v7e-m/nofp\libg.a(lib_a-mprec.o)
 .rodata.__assert_func.str1.4
                0x00019704       0x3f c:/gcc-arm-none-eabi-10.3-2021.10/bin/../lib/gcc/arm-none-eabi/10.3.1/../../../../arm-none-eabi/lib/thumb/v7e-m/nofp\libg.a(lib_a-assert.o)
                                 0x43 (size before relaxing)
 *fill*         0x00019743        0x1 
 .rodata._ctype_
                0x00019744      0x101 c:/gcc-arm-none-eabi-10.3-2021.10/bin/../lib/gcc/arm-none-eabi/10.3.1/../../../../arm-none-eabi/lib/thumb/v7e-m/nofp\libg.a(lib_a-ctype_.o)
                0x00019744                _ctype_
 *fill*         0x00019845        0x3 
 .rodata._setlocale_r.str1.4
                0x00019848        0xa c:/gcc-arm-none-eabi-10.3-2021.10/bin/../lib/gcc/arm-none-eabi/10.3.1/../../../../arm-none-eabi/lib/thumb/v7e-m/nofp\libg.a(lib_a-locale.o)
                                  0xd (size before relaxing)
 *fill*         0x00019852        0x2 
 .rodata.str1.4
                0x00019854        0x2 c:/gcc-arm-none-eabi-10.3-2021.10/bin/../lib/gcc/arm-none-eabi/10.3.1/../../../../arm-none-eabi/lib/thumb/v7e-m/nofp\libg.a(lib_a-locale.o)
 .rodata._vfiprintf_r.str1.4
                0x00019856       0x2f c:/gcc-arm-none-eabi-10.3-2021.10/bin/../lib/gcc/arm-none-eabi/10.3.1/../../../../arm-none-eabi/lib/thumb/v7e-m/nofp\libg.a(lib_a-vfiprintf.o)
 *fill*         0x00019856        0x2 
 .rodata.blanks.1
                0x00019858       0x10 c:/gcc-arm-none-eabi-10.3-2021.10/bin/../lib/gcc/arm-none-eabi/10.3.1/../../../../arm-none-eabi/lib/thumb/v7e-m/nofp\libg.a(lib_a-vfiprintf.o)
 .rodata.zeroes.0
                0x00019868       0x10 c:/gcc-arm-none-eabi-10.3-2021.10/bin/../lib/gcc/arm-none-eabi/10.3.1/../../../../arm-none-eabi/lib/thumb/v7e-m/nofp\libg.a(lib_a-vfiprintf.o)
                0x00019878                . = ALIGN (0x4)
                0x00019878                . = ALIGN (0x4)
 *(.init)
 .init          0x00019878        0x4 c:/gcc-arm-none-eabi-10.3-2021.10/bin/../lib/gcc/arm-none-eabi/10.3.1/thumb/v7e-m/nofp/crti.o
                0x00019878                _init
 .init          0x0001987c        0x8 c:/gcc-arm-none-eabi-10.3-2021.10/bin/../lib/gcc/arm-none-eabi/10.3.1/thumb/v7e-m/nofp/crtn.o
                0x00019884                . = ALIGN (0x4)
                0x00019884                __preinit_array_start = .
 *(.preinit_array)
                0x00019884                __preinit_array_end = .
                0x00019884                . = ALIGN (0x4)
                0x00019884                __init_array_start = .
 *(SORT_BY_NAME(.init_array.*))
 .init_array.00000
                0x00019884        0x4 c:/gcc-arm-none-eabi-10.3-2021.10/bin/../lib/gcc/arm-none-eabi/10.3.1/../../../../arm-none-eabi/lib/thumb/v7e-m/nofp\libg.a(lib_a-__call_atexit.o)
 *(.init_array)
 .init_array    0x00019888        0x4 c:/gcc-arm-none-eabi-10.3-2021.10/bin/../lib/gcc/arm-none-eabi/10.3.1/thumb/v7e-m/nofp/crtbegin.o
 .init_array    0x0001988c        0x4 ../main.o
 .init_array    0x00019890        0x4 FEHProteus.o
 .init_array    0x00019894        0x4 Libraries/FEHBuzzer.o
 .init_array    0x00019898        0x4 Libraries/FEHLCD.o
 .init_array    0x0001989c        0x4 Libraries/FEHAccel.o
 .init_array    0x000198a0        0x4 Libraries/FEHBattery.o
 .init_array    0x000198a4        0x4 Libraries/FEHRPS.o
 .init_array    0x000198a8        0x4 Libraries/FEHSD.o
 .init_array    0x000198ac        0x4 c:/gcc-arm-none-eabi-10.3-2021.10/bin/../lib/gcc/arm-none-eabi/10.3.1/../../../../arm-none-eabi/lib/thumb/v7e-m/nofp\libstdc++.a(eh_alloc.o)
                0x000198b0                __init_array_end = .
 *(.fini)
 .fini          0x000198b0        0x4 c:/gcc-arm-none-eabi-10.3-2021.10/bin/../lib/gcc/arm-none-eabi/10.3.1/thumb/v7e-m/nofp/crti.o
                0x000198b0                _fini
 .fini          0x000198b4        0x8 c:/gcc-arm-none-eabi-10.3-2021.10/bin/../lib/gcc/arm-none-eabi/10.3.1/thumb/v7e-m/nofp/crtn.o
                0x000198bc                . = ALIGN (0x4)
 *crtbegin.o(.ctors)
 *(EXCLUDE_FILE(*crtend.o) .ctors)
 *(SORT_BY_NAME(.ctors.*))
 *crtend.o(.ctors)
                0x000198bc                . = ALIGN (0x4)
 *crtbegin.o(.dtors)
 *(EXCLUDE_FILE(*crtend.o) .dtors)
 *(SORT_BY_NAME(.dtors.*))
 *crtend.o(.dtors)
                0x000198bc                . = ALIGN (0x4)

.ARM.extab
 *(.ARM.extab* .gnu.linkonce.armextab.*)
                0x000198bc                __exidx_start = .

.ARM.exidx      0x000198bc        0x8
 *(.ARM.exidx* .gnu.linkonce.armexidx.*)
 .ARM.exidx.text.startup._GLOBAL__sub_I__ZN9__gnu_cxx9__freeresEv
                0x000198bc        0x8 c:/gcc-arm-none-eabi-10.3-2021.10/bin/../lib/gcc/arm-none-eabi/10.3.1/../../../../arm-none-eabi/lib/thumb/v7e-m/nofp\libstdc++.a(eh_alloc.o)
 .ARM.exidx     0x000198c4        0x0 c:/gcc-arm-none-eabi-10.3-2021.10/bin/../lib/gcc/arm-none-eabi/10.3.1/thumb/v7e-m/nofp\libgcc.a(_udivmoddi4.o)
                                  0x8 (size before relaxing)
                0x000198c4                __exidx_end = .
                0x000198c4                _etext = .

.rel.dyn        0x000198c4        0x0
 .rel.iplt      0x000198c4        0x0 c:/gcc-arm-none-eabi-10.3-2021.10/bin/../lib/gcc/arm-none-eabi/10.3.1/thumb/v7e-m/nofp/crtbegin.o

.m_usb_data
 *(m_usb_bdt)

.data_RAM2      0x1fff0000        0x0 load address 0x000198c4
 FILL mask 0xff
                [!provide]                PROVIDE (__start_data_RAM2 = .)
 *(.ramfunc.$RAM2)
 *(.ramfunc.$SRAM_LOWER)
 *(.EXTRA_RAM)
 *(.data.$RAM2)
 *(.data.$SRAM_LOWER)
 *(.data.$RAM2.*)
 *(.data.$SRAM_LOWER.*)
                0x1fff0000                . = ALIGN (0x4)
                [!provide]                PROVIDE (__end_data_RAM2 = .)

.uninit_RESERVED
                0x20000000        0x0
                0x20000000                . = ALIGN (0x4)
 *(.bss.$RESERVED*)
                0x20000000                . = ALIGN (0x4)
                0x20000000                _end_uninit_RESERVED = .

.data           0x20000000     0x16c8 load address 0x000198c4
 FILL mask 0xff
                0x20000000                _data = .
 *(vtable)
 *(.ramfunc*)
 *(CodeQuickAccess)
 *(DataQuickAccess)
 *(RamFunction)
 *(.data*)
 .data._ZL4Stat
                0x20000000        0x1 Drivers/SDHC.o
 *fill*         0x20000001        0x3 ff
 .data.image    0x20000004      0x74e Libraries/FEHLCD.o
                0x20000004                image
 *fill*         0x20000752        0x2 ff
 .data.logo     0x20000754      0x3e6 Libraries/FEHLCD.o
                0x20000754                logo
 *fill*         0x20000b3a        0x2 ff
 .data._ZN6FEHLCD8fontDataE
                0x20000b3c      0x1e0 Libraries/FEHLCD.o
                0x20000b3c                FEHLCD::fontData
 .data._impure_ptr
                0x20000d1c        0x4 c:/gcc-arm-none-eabi-10.3-2021.10/bin/../lib/gcc/arm-none-eabi/10.3.1/../../../../arm-none-eabi/lib/thumb/v7e-m/nofp\libg.a(lib_a-impure.o)
                0x20000d1c                _impure_ptr
 .data.impure_data
                0x20000d20      0x428 c:/gcc-arm-none-eabi-10.3-2021.10/bin/../lib/gcc/arm-none-eabi/10.3.1/../../../../arm-none-eabi/lib/thumb/v7e-m/nofp\libg.a(lib_a-impure.o)
 .data.__malloc_av_
                0x20001148      0x408 c:/gcc-arm-none-eabi-10.3-2021.10/bin/../lib/gcc/arm-none-eabi/10.3.1/../../../../arm-none-eabi/lib/thumb/v7e-m/nofp\libg.a(lib_a-mallocr.o)
                0x20001148                __malloc_av_
 .data.__malloc_sbrk_base
                0x20001550        0x4 c:/gcc-arm-none-eabi-10.3-2021.10/bin/../lib/gcc/arm-none-eabi/10.3.1/../../../../arm-none-eabi/lib/thumb/v7e-m/nofp\libg.a(lib_a-mallocr.o)
                0x20001550                __malloc_sbrk_base
 .data.__malloc_trim_threshold
                0x20001554        0x4 c:/gcc-arm-none-eabi-10.3-2021.10/bin/../lib/gcc/arm-none-eabi/10.3.1/../../../../arm-none-eabi/lib/thumb/v7e-m/nofp\libg.a(lib_a-mallocr.o)
                0x20001554                __malloc_trim_threshold
 .data.__atexit_recursive_mutex
                0x20001558        0x4 c:/gcc-arm-none-eabi-10.3-2021.10/bin/../lib/gcc/arm-none-eabi/10.3.1/../../../../arm-none-eabi/lib/thumb/v7e-m/nofp\libg.a(lib_a-__call_atexit.o)
                0x20001558                __atexit_recursive_mutex
 .data.__global_locale
                0x2000155c      0x16c c:/gcc-arm-none-eabi-10.3-2021.10/bin/../lib/gcc/arm-none-eabi/10.3.1/../../../../arm-none-eabi/lib/thumb/v7e-m/nofp\libg.a(lib_a-locale.o)
                0x2000155c                __global_locale
                0x200016c8                . = ALIGN (0x4)
                0x200016c8                _edata = .

.igot.plt       0x200016c8        0x0 load address 0x0001af8c
 .igot.plt      0x200016c8        0x0 c:/gcc-arm-none-eabi-10.3-2021.10/bin/../lib/gcc/arm-none-eabi/10.3.1/thumb/v7e-m/nofp/crtbegin.o

.bss_RAM2       0x1fff0000        0x0
                0x1fff0000                . = ALIGN (0x4)
                [!provide]                PROVIDE (__start_bss_RAM2 = .)
 *(.bss.$RAM2)
 *(.bss.$SRAM_LOWER)
 *(.bss.$RAM2.*)
 *(.bss.$SRAM_LOWER.*)
                0x1fff0000                . = ALIGN ((. != 0x0)?0x4:0x1)
                [!provide]                PROVIDE (__end_bss_RAM2 = .)

.bss            0x200016c8      0x46c
                0x200016c8                . = ALIGN (0x4)
                0x200016c8                _bss = .
 *(.bss*)
 .bss           0x200016c8       0x1c c:/gcc-arm-none-eabi-10.3-2021.10/bin/../lib/gcc/arm-none-eabi/10.3.1/thumb/v7e-m/nofp/crtbegin.o
 .bss.right_encoder
                0x200016e4        0x1 ../main.o
                0x200016e4                right_encoder
 *fill*         0x200016e5        0x3 
 .bss.left_encoder
                0x200016e8        0x1 ../main.o
                0x200016e8                left_encoder
 *fill*         0x200016e9        0x3 
 .bss.right_motor
                0x200016ec        0x8 ../main.o
                0x200016ec                right_motor
 .bss.left_motor
                0x200016f4        0x8 ../main.o
                0x200016f4                left_motor
 .bss.lightsensor
                0x200016fc        0x1 ../main.o
                0x200016fc                lightsensor
 .bss.MasterTransmission
                0x200016fd        0x1 Drivers/i2c.o
                0x200016fd                MasterTransmission
 .bss.SlaveID   0x200016fe        0x1 Drivers/i2c.o
                0x200016fe                SlaveID
 .bss.timeout   0x200016ff        0x1 Drivers/i2c.o
                0x200016ff                timeout
 .bss.SDHC_Card
                0x20001700       0x14 Drivers/SDHC.o
                0x20001700                SDHC_Card
 .bss.SDHC_Info
                0x20001714      0x204 Drivers/SDHC.o
                0x20001714                SDHC_Info
 .bss.SDHC_Device
                0x20001918        0x8 Drivers/SDHC.o
                0x20001918                SDHC_Device
 .bss.Propeller
                0x20001920        0x1 FEHProteus.o
                0x20001920                Propeller
 *fill*         0x20001921        0x3 
 .bss.CoreClockKHz
                0x20001924        0x4 FEHProteus.o
                0x20001924                CoreClockKHz
 .bss.CoreClockMHz
                0x20001928        0x4 FEHProteus.o
                0x20001928                CoreClockMHz
 .bss.PeripheralClockKHz
                0x2000192c        0x4 FEHProteus.o
                0x2000192c                PeripheralClockKHz
 .bss._ZN14AnalogInputPin17Master_Adc_ConfigE
                0x20001930       0x10 Libraries/FEHIO.o
                0x20001930                AnalogInputPin::Master_Adc_Config
 .bss._ZN14AnalogInputPin18Encoder_Adc_ConfigE
                0x20001940       0x10 Libraries/FEHIO.o
                0x20001940                AnalogInputPin::Encoder_Adc_Config
 .bss.interrupt_counts
                0x20001950       0x80 Libraries/FEHIO.o
                0x20001950                interrupt_counts
 .bss._ZN13AnalogEncoder7pinListE
                0x200019d0        0x4 Libraries/FEHIO.o
                0x200019d0                AnalogEncoder::pinList
 .bss.__interrupt_counter
                0x200019d4        0x4 Libraries/FEHIO.o
                0x200019d4                __interrupt_counter
 .bss.Buzzer    0x200019d8        0x1 Libraries/FEHBuzzer.o
                0x200019d8                Buzzer
 *fill*         0x200019d9        0x3 
 .bss.LCD       0x200019dc       0x44 Libraries/FEHLCD.o
                0x200019dc                LCD
 .bss.initialized
                0x20001a20        0x1 Libraries/FEHLCD.o
                0x20001a20                initialized
 *fill*         0x20001a21        0x3 
 .bss.Accel     0x20001a24        0x1 Libraries/FEHAccel.o
                0x20001a24                Accel
 *fill*         0x20001a25        0x3 
 .bss.Battery   0x20001a28        0x1 Libraries/FEHBattery.o
                0x20001a28                Battery
 *fill*         0x20001a29        0x3 
 .bss.XBeeDataProcess
                0x20001a2c        0x4 Drivers/FEHXBee.o
                0x20001a2c                XBeeDataProcess
 .bss._xbeebuffer
                0x20001a30       0x10 Drivers/FEHXBee.o
                0x20001a30                _xbeebuffer
 .bss._xbeebufferindex
                0x20001a40        0x1 Drivers/FEHXBee.o
                0x20001a40                _xbeebufferindex
 .bss._xbeestate
                0x20001a41        0x1 Drivers/FEHXBee.o
                0x20001a41                _xbeestate
 .bss._xbeebytereceived
                0x20001a42        0x1 Drivers/FEHXBee.o
                0x20001a42                _xbeebytereceived
 .bss._xbeebyte
                0x20001a43        0x1 Drivers/FEHXBee.o
                0x20001a43                _xbeebyte
 .bss.RPS       0x20001a44        0x8 Libraries/FEHRPS.o
                0x20001a44                RPS
 .bss._enabled  0x20001a4c        0x1 Libraries/FEHRPS.o
                0x20001a4c                _enabled
 *fill*         0x20001a4d        0x3 
 .bss._RPS_x    0x20001a50        0x4 Libraries/FEHRPS.o
                0x20001a50                _RPS_x
 .bss._RPS_y    0x20001a54        0x4 Libraries/FEHRPS.o
                0x20001a54                _RPS_y
 .bss._RPS_heading
                0x20001a58        0x4 Libraries/FEHRPS.o
                0x20001a58                _RPS_heading
 .bss._RPS_objective
                0x20001a5c        0x4 Libraries/FEHRPS.o
                0x20001a5c                _RPS_objective
 .bss._RPS_time
                0x20001a60        0x1 Libraries/FEHRPS.o
                0x20001a60                _RPS_time
 .bss._RPS_stop
                0x20001a61        0x1 Libraries/FEHRPS.o
                0x20001a61                _RPS_stop
 .bss._RPS_foundpacket
                0x20001a62        0x1 Libraries/FEHRPS.o
                0x20001a62                _RPS_foundpacket
 *fill*         0x20001a63        0x1 
 .bss.SD        0x20001a64        0x8 Libraries/FEHSD.o
                0x20001a64                SD
 .bss.f_res     0x20001a6c        0x1 Libraries/FEHSD.o
                0x20001a6c                f_res
 *fill*         0x20001a6d        0x3 
 .bss.filePtrs  0x20001a70       0x64 Libraries/FEHSD.o
                0x20001a70                filePtrs
 .bss.Random    0x20001ad4        0x1 Libraries/FEHRandom.o
                0x20001ad4                Random
 *fill*         0x20001ad5        0x3 
 .bss._ZN12_GLOBAL__N_114emergency_poolE
                0x20001ad8       0x10 c:/gcc-arm-none-eabi-10.3-2021.10/bin/../lib/gcc/arm-none-eabi/10.3.1/../../../../arm-none-eabi/lib/thumb/v7e-m/nofp\libstdc++.a(eh_alloc.o)
 .bss.__lock___atexit_recursive_mutex
                0x20001ae8        0x1 c:/gcc-arm-none-eabi-10.3-2021.10/bin/../lib/gcc/arm-none-eabi/10.3.1/../../../../arm-none-eabi/lib/thumb/v7e-m/nofp\libg.a(lib_a-lock.o)
                0x20001ae8                __lock___atexit_recursive_mutex
 *fill*         0x20001ae9        0x3 
 .bss.__lock___malloc_recursive_mutex
                0x20001aec        0x1 c:/gcc-arm-none-eabi-10.3-2021.10/bin/../lib/gcc/arm-none-eabi/10.3.1/../../../../arm-none-eabi/lib/thumb/v7e-m/nofp\libg.a(lib_a-lock.o)
                0x20001aec                __lock___malloc_recursive_mutex
 *fill*         0x20001aed        0x3 
 .bss.__lock___sfp_recursive_mutex